mmc.c:987:13:mmc_set_ios	0	static
mmc.c:539:12:mmc_set_capacity	16	static
mmc.c:24:12:board_mmc_getwp	0	static
mmc.c:29:5:mmc_getwp	8	static
mmc.c:45:12:board_mmc_getcd	0	static
mmc.c:50:5:mmc_send_cmd	0	static
mmc.c:444:12:mmc_send_ext_csd	56	static
mmc.c:269:12:mmc_go_idle	40	static
mmc.c:358:12:mmc_send_op_cond_iter	40	static
mmc.c:108:5:mmc_send_status	48	static
mmc.c:466:12:mmc_switch.isra.1	40	static
mmc.c:160:5:mmc_set_blocklen	40	static
mmc.c:174:13:find_mmc_device	8	static
mmc.c:234:14:mmc_bread	80	static
mmc.c:593:5:mmc_switch_part	16	static
mmc.c:567:5:mmc_select_hwpart	16	static
mmc.c:615:5:mmc_hwpart_config	608	static
mmc.c:809:5:mmc_getcd	8	static
mmc.c:993:6:mmc_set_clock	0	static
mmc.c:1013:12:mmc_startup	1328	static
mmc.c:1511:18:mmc_register	8	static
mmc.c:1519:13:mmc_create	16	static
mmc.c:1558:6:mmc_destroy	0	static
mmc.c:1576:13:board_mmc_power_init	0	static
mmc.c:1580:5:mmc_start_init	56	static
mmc.c:1661:5:mmc_init	16	static
mmc.c:1565:19:mmc_get_dev	8	static
mmc.c:1680:5:mmc_set_dsr	0	static
mmc.c:1687:12:cpu_mmc_init	0	static
mmc.c:1693:12:board_mmc_init	0	static
mmc.c:1700:6:print_mmc_devices	32	static
mmc.c:1732:5:get_mmc_num	0	static
mmc.c:1737:6:mmc_set_preinit	0	static
mmc.c:1759:5:mmc_initialize	16	static
