spi-uclass.c:21:12:spi_set_speed_mode	24	static
spi-uclass.c:98:5:spi_post_bind	0	static
spi-uclass.c:114:5:spi_post_probe	16	static
spi-uclass.c:144:5:spi_child_pre_probe	16	static
spi-uclass.c:48:5:spi_claim_bus	24	static
spi-uclass.c:76:6:spi_release_bus	0	static
spi-uclass.c:86:5:spi_xfer	8	static
spi-uclass.c:164:5:spi_chip_select	8	static
spi-uclass.c:171:5:spi_find_chip_select	24	static
spi-uclass.c:205:5:spi_cs_info	24	static
spi-uclass.c:190:5:spi_cs_is_valid	16	static
spi-uclass.c:238:5:spi_find_bus_and_cs	24	static
spi-uclass.c:260:5:spi_get_bus_and_cs	40	static
spi-uclass.c:331:19:spi_setup_slave_fdt	16	static
spi-uclass.c:347:19:spi_setup_slave	32	static
spi-uclass.c:362:6:spi_free_slave	8	static
spi-uclass.c:368:5:spi_slave_ofdata_to_platdata	24	static
spi-uclass.c:104:5:spi_child_post_bind	8	static
