Archive member included to satisfy reference by file (symbol)

/home/jie/opt/pkg/petalinux-v2015.4-final/tools/linux-i386/arm-xilinx-linux-gnueabi/bin/../lib/gcc/arm-xilinx-linux-gnueabi/4.9.2/libgcc.a(_udivsi3.o)
                              arch/arm/mach-zynq/built-in.o (__aeabi_uidiv)
/home/jie/opt/pkg/petalinux-v2015.4-final/tools/linux-i386/arm-xilinx-linux-gnueabi/bin/../lib/gcc/arm-xilinx-linux-gnueabi/4.9.2/libgcc.a(_divsi3.o)
                              common/built-in.o (__aeabi_idiv)
/home/jie/opt/pkg/petalinux-v2015.4-final/tools/linux-i386/arm-xilinx-linux-gnueabi/bin/../lib/gcc/arm-xilinx-linux-gnueabi/4.9.2/libgcc.a(_lshrdi3.o)
                              fs/built-in.o (__aeabi_llsr)
/home/jie/opt/pkg/petalinux-v2015.4-final/tools/linux-i386/arm-xilinx-linux-gnueabi/bin/../lib/gcc/arm-xilinx-linux-gnueabi/4.9.2/libgcc.a(_ashldi3.o)
                              drivers/mmc/built-in.o (__aeabi_llsl)
/home/jie/opt/pkg/petalinux-v2015.4-final/tools/linux-i386/arm-xilinx-linux-gnueabi/bin/../lib/gcc/arm-xilinx-linux-gnueabi/4.9.2/libgcc.a(_dvmd_lnx.o)
                              /home/jie/opt/pkg/petalinux-v2015.4-final/tools/linux-i386/arm-xilinx-linux-gnueabi/bin/../lib/gcc/arm-xilinx-linux-gnueabi/4.9.2/libgcc.a(_udivsi3.o) (__aeabi_idiv0)

Discarded input sections

 .data          0x00000000        0x0 arch/arm/cpu/armv7/start.o
 .bss           0x00000000        0x0 arch/arm/cpu/armv7/start.o
 .text          0x00000000        0x0 arch/arm/cpu/armv7/built-in.o
 .text.v7_outer_cache_inval_range
                0x00000000        0x4 arch/arm/cpu/armv7/built-in.o
 .text.invalidate_dcache_range
                0x00000000       0xa8 arch/arm/cpu/armv7/built-in.o
 .text.v7_arch_cp15_set_l2aux_ctrl
                0x00000000        0x8 arch/arm/cpu/armv7/built-in.o
 .text.v7_arch_cp15_set_acr
                0x00000000        0x8 arch/arm/cpu/armv7/built-in.o
 .text.sdelay   0x00000000        0xc arch/arm/cpu/armv7/built-in.o
 .text.wait_on_value
                0x00000000       0x34 arch/arm/cpu/armv7/built-in.o
 .rodata.str1.1
                0x00000000       0x65 arch/arm/cpu/armv7/built-in.o
 .rodata.__func__.7520
                0x00000000       0x16 arch/arm/cpu/armv7/built-in.o
 .data          0x00000000        0x0 arch/arm/cpu/armv7/built-in.o
 .bss           0x00000000        0x0 arch/arm/cpu/armv7/built-in.o
 .text.setup_board_tags
                0x00000000        0x4 arch/arm/lib/built-in.o
 .text.flush_cache
                0x00000000        0x4 arch/arm/lib/built-in.o
 .text.flush_dcache_all
                0x00000000        0xc arch/arm/lib/built-in.o
 .text.enable_caches
                0x00000000        0xc arch/arm/lib/built-in.o
 .text.arm_init_before_mmu
                0x00000000        0x4 arch/arm/lib/built-in.o
 .text.mmu_page_table_flush
                0x00000000        0x4 arch/arm/lib/built-in.o
 .data          0x00000000        0x0 arch/arm/lib/built-in.o
 .__secure_start
                0x00000000        0x0 arch/arm/lib/built-in.o
 .__secure_end  0x00000000        0x0 arch/arm/lib/built-in.o
 .bss           0x00000000        0x0 arch/arm/lib/built-in.o
 .text.zynq_get_silicon_version
                0x00000000       0x14 arch/arm/mach-zynq/built-in.o
 .text.zynq_slcr_get_boot_mode
                0x00000000        0xc arch/arm/mach-zynq/built-in.o
 .text.zynq_clk_get_rate
                0x00000000       0x20 arch/arm/mach-zynq/built-in.o
 .text.zynq_clk_get_name
                0x00000000       0x18 arch/arm/mach-zynq/built-in.o
 .data          0x00000000        0x0 arch/arm/mach-zynq/built-in.o
 .bss           0x00000000        0x0 arch/arm/mach-zynq/built-in.o
 .text          0x00000000        0x0 board/xilinx/zynq/built-in.o
 .text.board_late_init
                0x00000000       0x9c board/xilinx/zynq/built-in.o
 .data          0x00000000        0x0 board/xilinx/zynq/built-in.o
 .bss           0x00000000        0x0 board/xilinx/zynq/built-in.o
 .text          0x00000000        0x0 common/built-in.o
 .text.hash_parse_string
                0x00000000       0x68 common/built-in.o
 .text.hash_block
                0x00000000       0x6c common/built-in.o
 .text.unset_local_var
                0x00000000       0xa0 common/built-in.o
 .text.arch_cpu_init
                0x00000000        0x8 common/built-in.o
 .text.red_led_off
                0x00000000        0x4 common/built-in.o
 .text.green_led_on
                0x00000000        0x4 common/built-in.o
 .text.green_led_off
                0x00000000        0x4 common/built-in.o
 .text.yellow_led_on
                0x00000000        0x4 common/built-in.o
 .text.yellow_led_off
                0x00000000        0x4 common/built-in.o
 .text.blue_led_on
                0x00000000        0x4 common/built-in.o
 .text.blue_led_off
                0x00000000        0x4 common/built-in.o
 .text.arch_reserve_stacks
                0x00000000        0x8 common/built-in.o
 .text.board_init_f_mem
[...]
Memory Configuration

Name             Origin             Length             Attributes
*default*        0x00000000         0xffffffff

Linker script and memory map

Address of section .text set to 0x400000
                0x00000000                . = 0x0
                0x00000000                . = ALIGN (0x4)

.text           0x00400000    0x39db4
 *(.__image_copy_start)
 .__image_copy_start
                0x00400000        0x0 arch/arm/lib/built-in.o
                0x00400000                __image_copy_start
 *(.vectors)
 .vectors       0x00400000      0x300 arch/arm/lib/built-in.o
                0x00400000                _start
                0x00400020                _undefined_instruction
                0x00400024                _software_interrupt
                0x00400028                _prefetch_abort
                0x0040002c                _data_abort
                0x00400030                _not_used
                0x00400034                _irq
                0x00400038                _fiq
                0x00400040                IRQ_STACK_START_IN
 arch/arm/cpu/armv7/start.o(.text*)
 .text          0x00400300       0xb0 arch/arm/cpu/armv7/start.o
                0x00400300                reset
                0x00400304                save_boot_params_ret
                0x00400340                c_runtime_cpu_setup
                0x00400350                save_boot_params
                0x00400354                cpu_init_cp15
                0x004003a8                cpu_init_crit
 *(.text*)
 .text.v7_maint_dcache_all
                0x004003b0       0xcc arch/arm/cpu/armv7/built-in.o
 .text.invalidate_icache_all
                0x0040047c       0x18 arch/arm/cpu/armv7/built-in.o
                0x0040047c                invalidate_icache_all
 .text.v7_outer_cache_enable
                0x00400494        0x4 arch/arm/cpu/armv7/built-in.o
                0x00400494                v7_outer_cache_enable
 .text.v7_outer_cache_disable
                0x00400498        0x4 arch/arm/cpu/armv7/built-in.o
                0x00400498                v7_outer_cache_disable
 .text.v7_outer_cache_flush_all
                0x0040049c        0x4 arch/arm/cpu/armv7/built-in.o
                0x0040049c                v7_outer_cache_flush_all
 .text.flush_dcache_all
                0x004004a0       0x14 arch/arm/cpu/armv7/built-in.o
                0x004004a0                flush_dcache_all
 .text.v7_outer_cache_inval_all
                0x004004b4        0x4 arch/arm/cpu/armv7/built-in.o
                0x004004b4                v7_outer_cache_inval_all
 .text.invalidate_dcache_all
                0x004004b8       0x14 arch/arm/cpu/armv7/built-in.o
                0x004004b8                invalidate_dcache_all
 .text.arm_init_before_mmu
                0x004004cc       0x28 arch/arm/cpu/armv7/built-in.o
                0x004004cc                arm_init_before_mmu
 .text.v7_outer_cache_flush_range
                0x004004f4        0x4 arch/arm/cpu/armv7/built-in.o
                0x004004f4                v7_outer_cache_flush_range
 .text.flush_dcache_range
                0x004004f8       0x38 arch/arm/cpu/armv7/built-in.o
                0x004004f8                flush_dcache_range
 .text.mmu_page_table_flush
                0x00400530       0x24 arch/arm/cpu/armv7/built-in.o
                0x00400530                mmu_page_table_flush
 .text.flush_cache
                0x00400554        0x8 arch/arm/cpu/armv7/built-in.o
                0x00400554                flush_cache
 .text.cpu_cache_initialization
                0x0040055c        0x4 arch/arm/cpu/armv7/built-in.o
                0x0040055c                cpu_cache_initialization
 .text.cleanup_before_linux_select
                0x00400560       0x44 arch/arm/cpu/armv7/built-in.o
                0x00400560                cleanup_before_linux_select
 .text.cleanup_before_linux
                0x004005a4        0x8 arch/arm/cpu/armv7/built-in.o
                0x004005a4                cleanup_before_linux
 .text          0x004005ac       0xa0 arch/arm/lib/built-in.o
                0x004005ac                _main
 .text.relocate_vectors
                0x0040064c       0x70 arch/arm/lib/built-in.o
                0x0040064c                relocate_vectors
                0x00400658                relocate_code
 .text.arch_fixup_fdt
                0x004006bc       0x38 arch/arm/lib/built-in.o
                0x004006bc                arch_fixup_fdt
 .text.boot_jump_linux
                0x004006f4       0xb8 arch/arm/lib/built-in.o
 .text.boot_prep_linux
                0x004007ac       0x4c arch/arm/lib/built-in.o
 .text.arch_lmb_reserve
                0x004007f8       0x24 arch/arm/lib/built-in.o
                0x004007f8                arch_lmb_reserve
 .text.do_bootm_linux
                0x0040081c       0x5c arch/arm/lib/built-in.o
                0x0040081c                do_bootm_linux
 .text.boot_prep_vxworks
                0x00400878       0x50 arch/arm/lib/built-in.o
                0x00400878                boot_prep_vxworks
 .text.boot_jump_vxworks
                0x004008c8        0xc arch/arm/lib/built-in.o
                0x004008c8                boot_jump_vxworks
 .text.arch_reserve_stacks
                0x004008d4       0x1c arch/arm/lib/built-in.o
                0x004008d4                arch_reserve_stacks
 .text.interrupt_init
                0x004008f0       0x1c arch/arm/lib/built-in.o
                0x004008f0                interrupt_init
 .text.enable_interrupts
                0x0040090c        0x4 arch/arm/lib/built-in.o
                0x0040090c                enable_interrupts
 .text.disable_interrupts
                0x00400910        0x8 arch/arm/lib/built-in.o
                0x00400910                disable_interrupts
 .text.bad_mode
                0x00400918       0x10 arch/arm/lib/built-in.o
                0x00400918                bad_mode
 .text.show_regs
                0x00400928      0x174 arch/arm/lib/built-in.o
                0x00400928                show_regs
 .text.do_undefined_instruction
                0x00400a9c       0x20 arch/arm/lib/built-in.o
                0x00400a9c                do_undefined_instruction
 .text.do_software_interrupt
                0x00400abc       0x20 arch/arm/lib/built-in.o
                0x00400abc                do_software_interrupt
 .text.do_prefetch_abort
                0x00400adc       0x20 arch/arm/lib/built-in.o
                0x00400adc                do_prefetch_abort
 .text.do_data_abort
                0x00400afc       0x20 arch/arm/lib/built-in.o
                0x00400afc                do_data_abort
 .text.do_not_used
                0x00400b1c       0x20 arch/arm/lib/built-in.o
                0x00400b1c                do_not_used
 .text.do_fiq   0x00400b3c       0x20 arch/arm/lib/built-in.o
                0x00400b3c                do_fiq
 .text.do_irq   0x00400b5c       0x20 arch/arm/lib/built-in.o
                0x00400b5c                do_irq
 .text.reset_misc
                0x00400b7c        0x4 arch/arm/lib/built-in.o
                0x00400b7c                reset_misc
 .text.do_reset
                0x00400b80       0x30 arch/arm/lib/built-in.o
                0x00400b80                do_reset
 .text.cp_delay
                0x00400bb0       0x30 arch/arm/lib/built-in.o
 .text.arm_init_domains
                0x00400be0        0x4 arch/arm/lib/built-in.o
                0x00400be0                arm_init_domains
 .text.set_section_dcache
                0x00400be4       0x14 arch/arm/lib/built-in.o
                0x00400be4                set_section_dcache
 .text.mmu_set_region_dcache_behaviour
                0x00400bf8       0x4c arch/arm/lib/built-in.o
                0x00400bf8                mmu_set_region_dcache_behaviour
 .text.dram_bank_mmu_setup
                0x00400c44       0x48 arch/arm/lib/built-in.o
                0x00400c44                dram_bank_mmu_setup
 .text.icache_enable
                0x00400c8c       0x18 arch/arm/lib/built-in.o
                0x00400c8c                icache_enable
 .text.icache_disable
                0x00400ca4       0x1c arch/arm/lib/built-in.o
                0x00400ca4                icache_disable
 .text.icache_status
                0x00400cc0        0xc arch/arm/lib/built-in.o
                0x00400cc0                icache_status
 .text.dcache_enable
                0x00400ccc       0x80 arch/arm/lib/built-in.o
                0x00400ccc                dcache_enable
 .text.dcache_disable
                0x00400d4c       0x2c arch/arm/lib/built-in.o
                0x00400d4c                dcache_disable
 .text.dcache_status
                0x00400d78        0xc arch/arm/lib/built-in.o
                0x00400d78                dcache_status
 .text          0x00400d84       0x24 arch/arm/mach-zynq/built-in.o
                0x00400d84                lowlevel_init
 .text.timer_init
                0x00400da8       0x68 arch/arm/mach-zynq/built-in.o
                0x00400da8                timer_init
 .text.get_tbclk
                0x00400e10        0x8 arch/arm/mach-zynq/built-in.o
                0x00400e10                get_tbclk
 .text.arch_cpu_init
                0x00400e18       0x60 arch/arm/mach-zynq/built-in.o
                0x00400e18                arch_cpu_init
 .text.reset_cpu
                0x00400e78        0xc arch/arm/mach-zynq/built-in.o
                0x00400e78                reset_cpu
 .text.enable_caches
                0x00400e84        0x4 arch/arm/mach-zynq/built-in.o
                0x00400e84                enable_caches
 .text.zynq_ddrc_init
                0x00400e88       0x64 arch/arm/mach-zynq/built-in.o
                0x00400e88                zynq_ddrc_init
 .text.zynq_slcr_lock
                0x00400eec       0x2c arch/arm/mach-zynq/built-in.o
                0x00400eec                zynq_slcr_lock
 .text.zynq_slcr_unlock
                0x00400f18       0x2c arch/arm/mach-zynq/built-in.o
                0x00400f18                zynq_slcr_unlock
 .text.zynq_slcr_cpu_reset
                0x00400f44       0x24 arch/arm/mach-zynq/built-in.o
                0x00400f44                zynq_slcr_cpu_reset
 .text.zynq_slcr_gem_clk_setup
                0x00400f68       0x68 arch/arm/mach-zynq/built-in.o
                0x00400f68                zynq_slcr_gem_clk_setup
 .text.zynq_slcr_devcfg_disable
                0x00400fd0       0x30 arch/arm/mach-zynq/built-in.o
                0x00400fd0                zynq_slcr_devcfg_disable
 .text.zynq_slcr_devcfg_enable
                0x00401000       0x24 arch/arm/mach-zynq/built-in.o
                0x00401000                zynq_slcr_devcfg_enable
 .text.zynq_slcr_get_idcode
                0x00401024       0x10 arch/arm/mach-zynq/built-in.o
                0x00401024                zynq_slcr_get_idcode
 .text.zynq_slcr_get_mio_pin_status
                0x00401034       0xa0 arch/arm/mach-zynq/built-in.o
                0x00401034                zynq_slcr_get_mio_pin_status
 .text.ddr2x_get_rate
                0x004010d4       0x3c arch/arm/mach-zynq/built-in.o
 .text.ddr3x_get_rate
                0x00401110       0x3c arch/arm/mach-zynq/built-in.o
 .text.zynq_clk_periph_get_rate
                0x0040114c       0x7c arch/arm/mach-zynq/built-in.o
 .text.__zynq_clk_pll_get_rate
                0x004011c8       0x20 arch/arm/mach-zynq/built-in.o
 .text.zynq_clk_pll_get_rate
                0x004011e8        0x8 arch/arm/mach-zynq/built-in.o
 .text.zynq_clk_periph_set_rate
                0x004011f0      0x11c arch/arm/mach-zynq/built-in.o
 .text.zynq_clk_register_periph_clk
                0x0040130c       0x5c arch/arm/mach-zynq/built-in.o
 .text.zynq_clk_early_init
                0x00401368       0x58 arch/arm/mach-zynq/built-in.o
                0x00401368                zynq_clk_early_init
 .text.get_uart_clk
                0x004013c0       0x50 arch/arm/mach-zynq/built-in.o
                0x004013c0                get_uart_clk
 .text.set_cpu_clk_info
                0x00401410      0x604 arch/arm/mach-zynq/built-in.o
                0x00401410                set_cpu_clk_info
 .text.zynq_clk_set_rate
                0x00401a14       0x40 arch/arm/mach-zynq/built-in.o
                0x00401a14                zynq_clk_set_rate
 .text.soc_clk_dump
                0x00401a54       0x50 arch/arm/mach-zynq/built-in.o
                0x00401a54                soc_clk_dump
 .text.board_init
                0x00401aa4       0xdc board/xilinx/zynq/built-in.o
                0x00401aa4                board_init
 .text.board_eth_init
                0x00401b80       0x14 board/xilinx/zynq/built-in.o
                0x00401b80                board_eth_init
 .text.board_mmc_init
                0x00401b94        0xc board/xilinx/zynq/built-in.o
                0x00401b94                board_mmc_init
 .text.dram_init
                0x00401ba0       0x7c board/xilinx/zynq/built-in.o
                0x00401ba0                dram_init
 .text.show_boot_progress
                0x00401c1c        0x4 common/built-in.o
                0x00401c1c                show_boot_progress
 .text.main_loop
                0x00401c20       0x68 common/built-in.o
                0x00401c20                main_loop
 .text.dummy    0x00401c88        0x4 common/built-in.o
 .text.get_version
                0x00401c8c        0x8 common/built-in.o
                0x00401c8c                get_version
 .text.jumptable_init
                0x00401c94      0x1c8 common/built-in.o
                0x00401c94                jumptable_init
 .text.hash_finish_crc32
                0x00401e5c       0x30 common/built-in.o
 .text.hash_update_crc32
                0x00401e8c       0x24 common/built-in.o
 .text.hash_init_crc32
                0x00401eb0       0x24 common/built-in.o
 .text.hash_finish_sha256
                0x00401ed4       0x38 common/built-in.o
 .text.hash_update_sha256
                0x00401f0c       0x1c common/built-in.o
 .text.hash_init_sha256
                0x00401f28       0x24 common/built-in.o
 .text.hash_finish_sha1
                0x00401f4c       0x38 common/built-in.o
 .text.hash_update_sha1
                0x00401f84       0x1c common/built-in.o
 .text.hash_init_sha1
                0x00401fa0       0x24 common/built-in.o
 .text.hash_lookup_algo
                0x00401fc4       0x58 common/built-in.o
                0x00401fc4                hash_lookup_algo
 .text.hash_progressive_lookup_algo
                0x0040201c       0x60 common/built-in.o
                0x0040201c                hash_progressive_lookup_algo
 .text.hash_show
                0x0040207c       0x58 common/built-in.o
                0x0040207c                hash_show
 .text.hash_command
                0x004020d4      0x188 common/built-in.o
                0x004020d4                hash_command
 .text.b_reset  0x0040225c       0x1c common/built-in.o
 .text.static_get
                0x00402278       0x1c common/built-in.o
 .text.static_peek
                0x00402294        0xc common/built-in.o
 .text.file_peek
                0x004022a0        0xc common/built-in.o
 .text.mapset   0x004022ac       0x20 common/built-in.o
 .text.syntax_err
                0x004022cc        0xc common/built-in.o
 .text.free_pipe_list
                0x004022d8       0xf0 common/built-in.o
 .text.xmalloc  0x004023c8       0x20 common/built-in.o
 .text.new_pipe
                0x004023e8       0x28 common/built-in.o
 .text.xrealloc
                0x00402410       0x20 common/built-in.o
 .text.done_command
                0x00402430       0x88 common/built-in.o
 .text.done_pipe
                0x004024b8       0x48 common/built-in.o
 .text.done_word
                0x00402500      0x2d8 common/built-in.o
 .text.do_showvar
                0x004027d8       0xfc common/built-in.o
 .text.is_assignment
                0x004028d4       0x5c common/built-in.o
 .text.file_get
                0x00402930      0x1ec common/built-in.o
 .text.b_addchr
                0x00402b1c       0x78 common/built-in.o
 .text.b_addqchr
                0x00402b94       0x50 common/built-in.o
 .text.get_local_var
                0x00402be4       0xa0 common/built-in.o
                0x00402be4                get_local_var
 .text.set_local_var
                0x00402c84      0x1ac common/built-in.o
                0x00402c84                set_local_var
 .text.insert_var_value_sub
                0x00402e30      0x2c0 common/built-in.o
 .text.parse_string_outer
                0x004030f0       0xe4 common/built-in.o
                0x004030f0                parse_string_outer
 .text.run_list_real
                0x004031d4      0x7f4 common/built-in.o
 .text.parse_stream_outer
                0x004039c8      0x6d4 common/built-in.o
 .text.parse_file_outer
                0x0040409c       0x44 common/built-in.o
                0x0040409c                parse_file_outer
 .text.u_boot_hush_start
                0x004040e0       0x54 common/built-in.o
                0x004040e0                u_boot_hush_start
 .text.bootdelay_process
                0x00404134       0xbc common/built-in.o
                0x00404134                bootdelay_process
 .text.autoboot_command
                0x004041f0       0xd0 common/built-in.o
                0x004041f0                autoboot_command
 .text.print_cpuinfo
                0x004042c0        0x8 common/built-in.o
 .text.display_text_info
                0x004042c8        0x8 common/built-in.o
 .text.setup_mon_len
                0x004042d0       0x20 common/built-in.o
 .text.reserve_round_4k
                0x004042f0       0x18 common/built-in.o
 .text.reserve_mmu
                0x00404308       0x38 common/built-in.o
 .text.reserve_trace
                0x00404340        0x8 common/built-in.o
 .text.reserve_uboot
                0x00404348       0x30 common/built-in.o
 .text.reserve_malloc
                0x00404378       0x14 common/built-in.o
 .text.setup_machine
                0x0040438c        0x8 common/built-in.o
 .text.reserve_global_data
                0x00404394       0x1c common/built-in.o
 .text.display_new_sp
                0x004043b0        0x8 common/built-in.o
 .text.initf_dm
                0x004043b8        0x8 common/built-in.o
 .text.reserve_arch
                0x004043c0        0x8 common/built-in.o
                0x004043c0                reserve_arch
 .text.arch_cpu_init_dm
                0x004043c8        0x8 common/built-in.o
                0x004043c8                arch_cpu_init_dm
 .text.setup_reloc
                0x004043d0       0x28 common/built-in.o
 .text.announce_dram_init
                0x004043f8       0x18 common/built-in.o
 .text.init_baud_rate
                0x00404410       0x2c common/built-in.o
 .text.mark_bootstage
                0x0040443c       0x14 common/built-in.o
 .text.reserve_board
                0x00404450       0x38 common/built-in.o
 .text.coloured_LED_init
                0x00404488        0x4 common/built-in.o
                0x00404488                coloured_LED_init
 .text.red_led_on
                0x0040448c        0x4 common/built-in.o
                0x0040448c                red_led_on
 .text.board_add_ram_info
                0x00404490        0x4 common/built-in.o
                0x00404490                board_add_ram_info
 .text.show_dram_config
                0x00404494       0x38 common/built-in.o
 .text.dram_init_banksize
                0x004044cc       0x20 common/built-in.o
                0x004044cc                dram_init_banksize
 .text.setup_dram_config
                0x004044ec       0x10 common/built-in.o
 .text.board_get_usable_ram_top
                0x004044fc        0xc common/built-in.o
                0x004044fc                board_get_usable_ram_top
 .text.setup_dest_addr
                0x00404508       0x3c common/built-in.o
 .text.reserve_stacks
                0x00404544       0x1c common/built-in.o
 .text.board_init_f
                0x00404560       0x28 common/built-in.o
                0x00404560                board_init_f
 .text.bootstage_relocate
                0x00404588        0x8 common/built-in.o
 .text.initr_trace
                0x00404590        0x8 common/built-in.o
 .text.initr_reloc_global_data
                0x00404598       0x38 common/built-in.o
 .text.initr_barrier
                0x004045d0        0x8 common/built-in.o
 .text.power_init_board
                0x004045d8        0x8 common/built-in.o
                0x004045d8                power_init_board
 .text.initr_announce
                0x004045e0        0x8 common/built-in.o
 .text.run_main_loop
                0x004045e8        0xc common/built-in.o
 .text.initr_net
                0x004045f4       0x1c common/built-in.o
 .text.initr_ethaddr
                0x00404610       0x20 common/built-in.o
 .text.initr_enable_interrupts
                0x00404630       0x10 common/built-in.o
 .text.initr_jumptable
                0x00404640       0x10 common/built-in.o
 .text.initr_env
                0x00404650       0x54 common/built-in.o
 .text.initr_mmc
                0x004046a4       0x20 common/built-in.o
 .text.initr_serial
                0x004046c4       0x10 common/built-in.o
 .text.initr_dm
                0x004046d4       0x14 common/built-in.o
 .text.initr_malloc
                0x004046e8       0x1c common/built-in.o
 .text.initr_caches
                0x00404704       0x10 common/built-in.o
 .text.initr_reloc
                0x00404714       0x24 common/built-in.o
 .text.cpu_secondary_init_r
                0x00404738        0x4 common/built-in.o
                0x00404738                cpu_secondary_init_r
 .text.initr_secondary_cpu
                0x0040473c       0x10 common/built-in.o
 .text.board_init_r
                0x0040474c       0x14 common/built-in.o
                0x0040474c                board_init_r
 .text.do_go_exec
                0x00404760       0x10 common/built-in.o
                0x00404760                do_go_exec
 .text.do_go    0x00404770       0x6c common/built-in.o
 .text.do_bootm
                0x004047dc      0x118 common/built-in.o
                0x004047dc                do_bootm
 .text.do_bootd
                0x004048f4       0x20 common/built-in.o
                0x004048f4                do_bootd
 .text.image_info
                0x00404914       0x8c common/built-in.o
 .text.do_iminfo
                0x004049a0       0x60 common/built-in.o
 .text.bootm_maybe_autostart
                0x00404a00       0x78 common/built-in.o
                0x00404a00                bootm_maybe_autostart
 .text.bootm_find_images
                0x00404a78       0xd4 common/built-in.o
                0x00404a78                bootm_find_images
 .text.bootm_decomp_image
                0x00404b4c      0x150 common/built-in.o
                0x00404b4c                bootm_decomp_image
 .text.bootm_disable_interrupts
                0x00404c9c       0x28 common/built-in.o
                0x00404c9c                bootm_disable_interrupts
 .text.do_bootm_states
                0x00404cc4      0x6e4 common/built-in.o
                0x00404cc4                do_bootm_states
 .text.copy_args
                0x004053a8       0x50 common/built-in.o
 .text.do_bootm_rtems
                0x004053f8       0x70 common/built-in.o
 .text.do_bootm_plan9
                0x00405468       0xd4 common/built-in.o
 .text.do_bootm_standalone
                0x0040553c       0x64 common/built-in.o
 .text.do_bootm_netbsd
                0x004055a0      0x128 common/built-in.o
 .text.do_bootvx_fdt
                0x004056c8      0x10c common/built-in.o
                0x004056c8                do_bootvx_fdt
 .text.do_bootm_vxworks
                0x004057d4       0x54 common/built-in.o
 .text.arch_preboot_os
                0x00405828        0x4 common/built-in.o
                0x00405828                arch_preboot_os
 .text.boot_selected_os
                0x0040582c       0x58 common/built-in.o
                0x0040582c                boot_selected_os
 .text.bootm_os_get_boot_func
                0x00405884       0x10 common/built-in.o
                0x00405884                bootm_os_get_boot_func
 .text.do_help  0x00405894       0x48 common/built-in.o
 .text.do_version
                0x004058dc       0x38 common/built-in.o
 .text.regex_callback
                0x00405914      0x134 common/built-in.o
 .text.env_attr_walk
                0x00405a48      0x11c common/built-in.o
                0x00405a48                env_attr_walk
 .text.env_attr_lookup
                0x00405b64       0x84 common/built-in.o
                0x00405b64                env_attr_lookup
 .text.clear_callback
                0x00405be8       0x10 common/built-in.o
 .text.find_env_callback
                0x00405bf8       0x68 common/built-in.o
 .text.on_callbacks
                0x00405c60       0x50 common/built-in.o
 .text.set_callback
                0x00405cb0       0x94 common/built-in.o
 .text.env_callback_init
                0x00405d44       0xc4 common/built-in.o
                0x00405d44                env_callback_init
 .text.skip_num
                0x00405e08       0x70 common/built-in.o
 .text.clear_flags
                0x00405e78       0x10 common/built-in.o
 .text.on_flags
                0x00405e88       0x50 common/built-in.o
 .text.env_flags_parse_vartype
                0x00405ed8       0x50 common/built-in.o
                0x00405ed8                env_flags_parse_vartype
 .text.env_flags_parse_varaccess
                0x00405f28       0x58 common/built-in.o
                0x00405f28                env_flags_parse_varaccess
 .text.set_flags
                0x00405f80       0xac common/built-in.o
 .text.env_flags_init
                0x0040602c       0xd8 common/built-in.o
                0x0040602c                env_flags_init
 .text.env_flags_validate
                0x00406104      0x31c common/built-in.o
                0x00406104                env_flags_validate
 .text.saveenv  0x00406420       0xdc common/built-in.o
                0x00406420                saveenv
 .text.env_relocate_spec
                0x004064fc       0xc8 common/built-in.o
                0x004064fc                env_relocate_spec
 .text.env_init
                0x004065c4       0x1c common/built-in.o
                0x004065c4                env_init
 .text.source   0x004065e0      0x108 common/built-in.o
                0x004065e0                source
 .text.do_source
                0x004066e8       0x70 common/built-in.o
 .text.print_num
                0x00406758       0x18 common/built-in.o
 .text.do_bdinfo
                0x00406770      0x1b8 common/built-in.o
 .text.parse_argv
                0x00406928       0x64 common/built-in.o
 .text.do_icache
                0x0040698c       0x88 common/built-in.o
 .text.do_dcache
                0x00406a14       0x88 common/built-in.o
 .text.do_clk   0x00406a9c       0x68 common/built-in.o
 .text.do_clk_dump
                0x00406b04        0x4 common/built-in.o
 .text.do_coninfo
                0x00406b08       0xbc common/built-in.o
 .text.do_echo  0x00406bc4       0xb0 common/built-in.o
 .text.do_exit  0x00406c74       0x30 common/built-in.o
 .text.do_ext2load
                0x00406ca4       0x18 common/built-in.o
                0x00406ca4                do_ext2load
 .text.do_ext2ls
                0x00406cbc       0x18 common/built-in.o
 .text.do_fat_size
                0x00406cd4       0x18 common/built-in.o
                0x00406cd4                do_fat_size
 .text.do_fat_fsload
                0x00406cec       0x18 common/built-in.o
                0x00406cec                do_fat_fsload
 .text.do_fat_ls
                0x00406d04       0x18 common/built-in.o
 .text.do_fat_fsinfo
                0x00406d1c       0x90 common/built-in.o
 .text.do_fat_fswrite
                0x00406dac      0x10c common/built-in.o
 .text.fdt_valid
                0x00406eb8       0xbc common/built-in.o
 .text.is_printable_string
                0x00406f74       0x98 common/built-in.o
 .text.print_data
                0x0040700c      0x174 common/built-in.o
 .text.set_working_fdt_addr
                0x00407180       0x1c common/built-in.o
                0x00407180                set_working_fdt_addr
 .text.do_fdt   0x0040719c      0xf7c common/built-in.o
 .text.fdt_find_and_setprop
                0x00408118       0x70 common/built-in.o
                0x00408118                fdt_find_and_setprop
 .text.fdt_find_or_add_subnode
                0x00408188       0x68 common/built-in.o
                0x00408188                fdt_find_or_add_subnode
 .text.fdt_root
                0x004081f0       0x90 common/built-in.o
                0x004081f0                fdt_root
 .text.fdt_initrd
                0x00408280      0x1d4 common/built-in.o
                0x00408280                fdt_initrd
 .text.fdt_chosen
                0x00408454       0xa8 common/built-in.o
                0x00408454                fdt_chosen
 .text.do_fixup_by_path
                0x004084fc       0x54 common/built-in.o
                0x004084fc                do_fixup_by_path
 .text.fdt_fixup_memory_banks
                0x00408550      0x1a4 common/built-in.o
                0x00408550                fdt_fixup_memory_banks
 .text.fdt_fixup_memory
                0x004086f4       0x20 common/built-in.o
                0x004086f4                fdt_fixup_memory
 .text.fdt_fixup_ethernet
                0x00408714      0x158 common/built-in.o
                0x00408714                fdt_fixup_ethernet
 .text.fdt_shrink_to_minimum
                0x0040886c       0xcc common/built-in.o
                0x0040886c                fdt_shrink_to_minimum
 .text.do_fpga  0x00408938      0x2b0 common/built-in.o
                0x00408938                do_fpga
 .text.evalexp  0x00408be8       0x74 common/built-in.o
 .text.evalstr  0x00408c5c       0x6c common/built-in.o
 .text.binary_test
                0x00408cc8      0x1b0 common/built-in.o
 .text.do_itest
                0x00408e78       0x98 common/built-in.o
 .text.bin_data_init
                0x00408f10       0x2c common/built-in.o
 .text.k_data_save
                0x00408f3c       0x4c common/built-in.o
 .text.k_data_restore
                0x00408f88       0x4c common/built-in.o
 .text.write_record
                0x00408fd4       0x30 common/built-in.o
 .text.do_save_serial
                0x00409004      0x194 common/built-in.o
                0x00409004                do_save_serial
 .text.getcxmodem
                0x00409198       0x20 common/built-in.o
 .text.load_serial_ymodem
                0x004091b8       0xcc common/built-in.o
 .text.bin_data_char
                0x00409284       0x2c common/built-in.o
 .text.chk1.constprop.1
                0x004092b0       0x2c common/built-in.o
 .text.s1_sendpacket.constprop.2
                0x004092dc       0x50 common/built-in.o
 .text.load_serial
                0x0040932c      0x1e0 common/built-in.o
 .text.do_load_serial
                0x0040950c       0xdc common/built-in.o
 .text.do_load_serial_bin
                0x004095e8      0x7a4 common/built-in.o
 .text.do_mem_mw
                0x00409d8c       0xc0 common/built-in.o
 .text.do_mem_loop
                0x00409e4c       0xec common/built-in.o
 .text.do_mem_md
                0x00409f38       0xec common/built-in.o
 .text.do_mem_cmp
                0x0040a024      0x16c common/built-in.o
 .text.do_mem_base
                0x0040a190       0x40 common/built-in.o
 .text.do_mem_cp
                0x0040a1d0       0xd8 common/built-in.o
 .text.do_mem_crc
                0x0040a2a8       0x48 common/built-in.o
 .text.mod_mem.isra.2
                0x0040a2f0      0x164 common/built-in.o
 .text.do_mem_mm
                0x0040a454        0x8 common/built-in.o
 .text.do_mem_nm
                0x0040a45c        0x8 common/built-in.o
 .text.legacy_miiphy_read
                0x0040a464       0x34 common/built-in.o
 .text.legacy_miiphy_write
                0x0040a498       0x28 common/built-in.o
 .text.miiphy_get_dev_by_name
                0x0040a4c0       0x60 common/built-in.o
                0x0040a4c0                miiphy_get_dev_by_name
 .text.miiphy_init
                0x0040a520       0x24 common/built-in.o
                0x0040a520                miiphy_init
 .text.mdio_alloc
                0x0040a544       0x30 common/built-in.o
                0x0040a544                mdio_alloc
 .text.miiphy_register
                0x0040a574      0x108 common/built-in.o
                0x0040a574                miiphy_register
 .text.do_sleep
                0x0040a67c       0x70 common/built-in.o
 .text.do_mmcops
                0x0040a6ec       0xb8 common/built-in.o
 .text.init_mmc_device
                0x0040a7a4       0x54 common/built-in.o
 .text.do_mmc_rescan
                0x0040a7f8       0x24 common/built-in.o
 .text.do_mmc_hwpartition
                0x0040a81c      0x50c common/built-in.o
 .text.do_mmc_list
                0x0040ad28       0x14 common/built-in.o
 .text.do_mmc_dev
                0x0040ad3c      0x134 common/built-in.o
 .text.do_mmc_part
                0x0040ae70       0x5c common/built-in.o
 .text.do_mmc_erase
                0x0040aecc       0xe8 common/built-in.o
 .text.do_mmc_write
                0x0040afb4      0x100 common/built-in.o
 .text.do_mmc_read
                0x0040b0b4       0xec common/built-in.o
 .text.do_mmcinfo
                0x0040b1a0      0x370 common/built-in.o
 .text.do_mmc_setdsr
                0x0040b510       0xb0 common/built-in.o
 .text.netboot_common
                0x0040b5c0      0x268 common/built-in.o
 .text.do_bootp
                0x0040b828        0xc common/built-in.o
 .text.do_dhcp  0x0040b834        0xc common/built-in.o
 .text.do_nfs   0x0040b840        0xc common/built-in.o
 .text.do_tftpb
                0x0040b84c       0x40 common/built-in.o
                0x0040b84c                do_tftpb
 .text.do_ping  0x0040b88c       0x7c common/built-in.o
 .text.bytes_per_second
                0x0040b908       0x50 common/built-in.o
 .text.do_spi_flash
                0x0040b958      0x7b4 common/built-in.o
 .text.do_spi   0x0040c10c      0x294 common/built-in.o
                0x0040c10c                do_spi
 .text.do_false
                0x0040c3a0        0x8 common/built-in.o
 .text.do_true  0x0040c3a8        0x8 common/built-in.o
 .text.do_test  0x0040c3b0      0x33c common/built-in.o
 .text.do_imgextract
                0x0040c6ec      0x2b0 common/built-in.o
 .text.do_env_delete
                0x0040c99c       0x9c common/built-in.o
 .text.do_env_exists
                0x0040ca38       0x64 common/built-in.o
 .text.do_env_save
                0x0040ca9c       0x2c common/built-in.o
 .text.do_env   0x0040cac8       0x68 common/built-in.o
 .text.env_print
                0x0040cb30       0xc0 common/built-in.o
 .text.do_env_print
                0x0040cbf0       0xc8 common/built-in.o
 .text.do_env_import
                0x0040ccb8      0x28c common/built-in.o
 .text.do_env_default
                0x0040cf44       0xa8 common/built-in.o
 .text._do_env_set.isra.1
                0x0040cfec      0x1bc common/built-in.o
 .text.do_env_set
                0x0040d1a8       0x20 common/built-in.o
 .text.do_env_ask
                0x0040d1c8      0x160 common/built-in.o
                0x0040d1c8                do_env_ask
 .text.get_env_id
                0x0040d328       0x10 common/built-in.o
                0x0040d328                get_env_id
 .text.setenv   0x0040d338       0x5c common/built-in.o
                0x0040d338                setenv
 .text.setenv_ulong
                0x0040d394       0x20 common/built-in.o
                0x0040d394                setenv_ulong
 .text.setenv_hex
                0x0040d3b4       0x34 common/built-in.o
                0x0040d3b4                setenv_hex
 .text.do_env_export
                0x0040d3e8      0x268 common/built-in.o
 .text.envmatch
                0x0040d650       0x6c common/built-in.o
                0x0040d650                envmatch
 .text.getenv_f
                0x0040d6bc       0xc8 common/built-in.o
                0x0040d6bc                getenv_f
 .text.getenv   0x0040d784       0x78 common/built-in.o
                0x0040d784                getenv
 .text.getenv_hex
                0x0040d7fc       0x3c common/built-in.o
                0x0040d7fc                getenv_hex
 .text.getenv_ulong
                0x0040d838       0x30 common/built-in.o
                0x0040d838                getenv_ulong
 .text.do_env_edit.part.3
                0x0040d868       0xa0 common/built-in.o
 .text.do_env_edit
                0x0040d908       0x2c common/built-in.o
 .text.env_get_char_spec
                0x0040d934        0xc common/built-in.o
                0x0040d934                env_get_char_spec
 .text.env_get_addr
                0x0040d940       0x20 common/built-in.o
                0x0040d940                env_get_addr
 .text.env_get_char_memory
                0x0040d960       0x10 common/built-in.o
                0x0040d960                env_get_char_memory
 .text.env_get_char
                0x0040d970       0x30 common/built-in.o
                0x0040d970                env_get_char
 .text.getenv_yesno
                0x0040d9a0       0x40 common/built-in.o
                0x0040d9a0                getenv_yesno
 .text.getenv_default
                0x0040d9e0       0x30 common/built-in.o
                0x0040d9e0                getenv_default
 .text.set_default_env
                0x0040da10       0xc0 common/built-in.o
                0x0040da10                set_default_env
 .text.set_default_vars
                0x0040dad0       0x3c common/built-in.o
                0x0040dad0                set_default_vars
 .text.env_import
                0x0040db0c       0xe4 common/built-in.o
                0x0040db0c                env_import
 .text.env_export
                0x0040dbf0       0xa4 common/built-in.o
                0x0040dbf0                env_export
 .text.env_relocate
                0x0040dc94       0x30 common/built-in.o
                0x0040dc94                env_relocate
 .text.console_setfile
                0x0040dcc4       0xc0 common/built-in.o
 .text.serial_printf
                0x0040dd84       0x4c common/built-in.o
                0x0040dd84                serial_printf
 .text.puts     0x0040ddd0       0x34 common/built-in.o
                0x0040ddd0                puts
 .text.printf   0x0040de04       0x58 common/built-in.o
                0x0040de04                printf
 .text.putc     0x0040de5c       0x34 common/built-in.o
                0x0040de5c                putc
 .text.fgetc    0x0040de90       0x24 common/built-in.o
                0x0040de90                fgetc
 .text.getc     0x0040deb4       0x24 common/built-in.o
                0x0040deb4                getc
 .text.ftstc    0x0040ded8       0x24 common/built-in.o
                0x0040ded8                ftstc
 .text.tstc     0x0040defc       0x24 common/built-in.o
                0x0040defc                tstc
 .text.vprintf  0x0040df20       0x3c common/built-in.o
                0x0040df20                vprintf
 .text.ctrlc    0x0040df5c       0x58 common/built-in.o
                0x0040df5c                ctrlc
 .text.disable_ctrlc
                0x0040dfb4       0x18 common/built-in.o
                0x0040dfb4                disable_ctrlc
 .text.had_ctrlc
                0x0040dfcc       0x10 common/built-in.o
                0x0040dfcc                had_ctrlc
 .text.clear_ctrlc
                0x0040dfdc       0x14 common/built-in.o
                0x0040dfdc                clear_ctrlc
 .text.search_device
                0x0040dff0       0x28 common/built-in.o
                0x0040dff0                search_device
 .text.console_assign
                0x0040e018       0x48 common/built-in.o
                0x0040e018                console_assign
 .text.on_console
                0x0040e060       0xc0 common/built-in.o
 .text.console_init_f
                0x0040e120       0x10 common/built-in.o
                0x0040e120                console_init_f
 .text.stdio_print_current_devices
                0x0040e130       0xb0 common/built-in.o
                0x0040e130                stdio_print_current_devices
 .text.console_init_r
                0x0040e1e0      0x180 common/built-in.o
                0x0040e1e0                console_init_r
 .text.sbrk     0x0040e360       0x70 common/built-in.o
                0x0040e360                sbrk
 .text.mem_malloc_init
                0x0040e3d0       0x34 common/built-in.o
                0x0040e3d0                mem_malloc_init
 .text.malloc_trim
                0x0040e404       0xcc common/built-in.o
                0x0040e404                malloc_trim
 .text.free     0x0040e4d0      0x230 common/built-in.o
                0x0040e4d0                free
 .text.malloc   0x0040e700      0x608 common/built-in.o
                0x0040e700                malloc
 .text.calloc   0x0040ed08       0xd4 common/built-in.o
                0x0040ed08                calloc
 .text.realloc  0x0040eddc      0x420 common/built-in.o
                0x0040eddc                realloc
 .text.memalign
                0x0040f1fc      0x10c common/built-in.o
                0x0040f1fc                memalign
 .text.initf_malloc
                0x0040f308        0x8 common/built-in.o
                0x0040f308                initf_malloc
 .text.on_loadaddr
                0x0040f310       0x38 common/built-in.o
 .text.image_multi_count
                0x0040f348       0x1c common/built-in.o
                0x0040f348                image_multi_count
 .text.image_multi_getimg
                0x0040f364       0x7c common/built-in.o
                0x0040f364                image_multi_getimg
 .text.getenv_bootm_low
                0x0040f3e0       0x28 common/built-in.o
                0x0040f3e0                getenv_bootm_low
 .text.getenv_bootm_size
                0x0040f408       0x5c common/built-in.o
                0x0040f408                getenv_bootm_size
 .text.getenv_bootm_mapsize
                0x0040f464       0x30 common/built-in.o
                0x0040f464                getenv_bootm_mapsize
 .text.memmove_wd
                0x0040f494        0xc common/built-in.o
                0x0040f494                memmove_wd
 .text.genimg_print_size
                0x0040f4a0       0x30 common/built-in.o
                0x0040f4a0                genimg_print_size
 .text.get_table_entry_name
                0x0040f4d0       0x2c common/built-in.o
                0x0040f4d0                get_table_entry_name
 .text.genimg_get_os_name
                0x0040f4fc       0x18 common/built-in.o
                0x0040f4fc                genimg_get_os_name
 .text.genimg_get_arch_name
                0x0040f514       0x18 common/built-in.o
                0x0040f514                genimg_get_arch_name
 .text.genimg_get_type_name
                0x0040f52c       0x18 common/built-in.o
                0x0040f52c                genimg_get_type_name
 .text.genimg_get_comp_name
                0x0040f544       0x18 common/built-in.o
                0x0040f544                genimg_get_comp_name
 .text.get_table_entry_id
                0x0040f55c       0x4c common/built-in.o
                0x0040f55c                get_table_entry_id
 .text.genimg_get_os_id
                0x0040f5a8       0x18 common/built-in.o
                0x0040f5a8                genimg_get_os_id
 .text.genimg_get_arch_id
                0x0040f5c0       0x18 common/built-in.o
                0x0040f5c0                genimg_get_arch_id
 .text.genimg_get_type_id
                0x0040f5d8       0x18 common/built-in.o
                0x0040f5d8                genimg_get_type_id
 .text.genimg_get_comp_id
                0x0040f5f0       0x18 common/built-in.o
                0x0040f5f0                genimg_get_comp_id
 .text.genimg_get_kernel_addr_fit
                0x0040f608       0x70 common/built-in.o
                0x0040f608                genimg_get_kernel_addr_fit
 .text.genimg_get_format
                0x0040f678       0x18 common/built-in.o
                0x0040f678                genimg_get_format
 .text.genimg_get_image
                0x0040f690        0x4 common/built-in.o
                0x0040f690                genimg_get_image
 .text.genimg_has_config
                0x0040f694       0x10 common/built-in.o
                0x0040f694                genimg_has_config
 .text.boot_get_ramdisk
                0x0040f6a4      0x200 common/built-in.o
                0x0040f6a4                boot_get_ramdisk
 .text.boot_ramdisk_high
                0x0040f8a4      0x130 common/built-in.o
                0x0040f8a4                boot_ramdisk_high
 .text.boot_get_setup
                0x0040f9d4        0x4 common/built-in.o
                0x0040f9d4                boot_get_setup
 .text.boot_get_loadable
                0x0040f9d8       0xd8 common/built-in.o
                0x0040f9d8                boot_get_loadable
 .text.image_setup_linux
                0x0040fab0       0x8c common/built-in.o
                0x0040fab0                image_setup_linux
 .text.fdt_error
                0x0040fb3c       0x2c common/built-in.o
 .text.boot_fdt_add_mem_rsv_regions
                0x0040fb68       0x88 common/built-in.o
                0x0040fb68                boot_fdt_add_mem_rsv_regions
 .text.boot_relocate_fdt
                0x0040fbf0      0x194 common/built-in.o
                0x0040fbf0                boot_relocate_fdt
 .text.boot_get_fdt
                0x0040fd84      0x29c common/built-in.o
                0x0040fd84                boot_get_fdt
 .text.ft_verify_fdt
                0x00410020        0x8 common/built-in.o
                0x00410020                ft_verify_fdt
 .text.image_setup_libfdt
                0x00410028      0x100 common/built-in.o
                0x00410028                image_setup_libfdt
 .text.fit_parse_conf
                0x00410128       0x64 common/built-in.o
                0x00410128                fit_parse_conf
 .text.fit_parse_subimage
                0x0041018c       0x64 common/built-in.o
                0x0041018c                fit_parse_subimage
 .text.fit_get_desc
                0x004101f0       0x30 common/built-in.o
                0x004101f0                fit_get_desc
 .text.fit_image_get_node
                0x00410220       0x30 common/built-in.o
                0x00410220                fit_image_get_node
 .text.fit_image_get_os
                0x00410250       0x3c common/built-in.o
                0x00410250                fit_image_get_os
 .text.fit_image_get_arch
                0x0041028c       0x3c common/built-in.o
                0x0041028c                fit_image_get_arch
 .text.fit_image_get_type
                0x004102c8       0x3c common/built-in.o
                0x004102c8                fit_image_get_type
 .text.fit_image_get_comp
                0x00410304       0x3c common/built-in.o
                0x00410304                fit_image_get_comp
 .text.fit_image_get_load
                0x00410340       0x38 common/built-in.o
                0x00410340                fit_image_get_load
 .text.fit_image_get_entry
                0x00410378       0x38 common/built-in.o
                0x00410378                fit_image_get_entry
 .text.fit_image_get_data
                0x004103b0       0x40 common/built-in.o
                0x004103b0                fit_image_get_data
 .text.fit_image_hash_get_algo
                0x004103f0       0x30 common/built-in.o
                0x004103f0                fit_image_hash_get_algo
 .text.fit_image_hash_get_value
                0x00410420       0x40 common/built-in.o
                0x00410420                fit_image_hash_get_value
 .text.fit_image_print_data
                0x00410460      0x140 common/built-in.o
 .text.fit_image_print
                0x004105a0      0x334 common/built-in.o
                0x004105a0                fit_image_print
 .text.calculate_hash
                0x004108d4       0xfc common/built-in.o
                0x004108d4                calculate_hash
 .text.fit_image_verify
                0x004109d0      0x2c0 common/built-in.o
                0x004109d0                fit_image_verify
 .text.fit_all_image_verify
                0x00410c90       0xe4 common/built-in.o
                0x00410c90                fit_all_image_verify
 .text.fit_image_check_os
                0x00410d74       0x30 common/built-in.o
                0x00410d74                fit_image_check_os
 .text.fit_image_check_arch
                0x00410da4       0x44 common/built-in.o
                0x00410da4                fit_image_check_arch
 .text.fit_image_check_type
                0x00410de8       0x30 common/built-in.o
                0x00410de8                fit_image_check_type
 .text.fit_image_check_comp
                0x00410e18       0x30 common/built-in.o
                0x00410e18                fit_image_check_comp
 .text.fit_check_format
                0x00410e48       0x40 common/built-in.o
                0x00410e48                fit_check_format
 .text.fit_conf_get_node
                0x00410e88       0x68 common/built-in.o
                0x00410e88                fit_conf_get_node
 .text.fit_conf_get_prop_node
                0x00410ef0       0x2c common/built-in.o
                0x00410ef0                fit_conf_get_prop_node
 .text.fit_conf_print
                0x00410f1c      0x178 common/built-in.o
                0x00410f1c                fit_conf_print
 .text.fit_print_contents
                0x00411094      0x1dc common/built-in.o
                0x00411094                fit_print_contents
 .text.fit_get_node_from_config
                0x00411270       0x44 common/built-in.o
                0x00411270                fit_get_node_from_config
 .text.fit_image_load
                0x004112b4      0x56c common/built-in.o
                0x004112b4                fit_image_load
 .text.boot_get_setup_fit
                0x00411820       0x6c common/built-in.o
                0x00411820                boot_get_setup_fit
 .text.rsa_sign
                0x0041188c        0x8 common/built-in.o
 .text.rsa_add_verify_data
                0x00411894        0x8 common/built-in.o
 .text.image_get_sig_algo
                0x0041189c       0x50 common/built-in.o
                0x0041189c                image_get_sig_algo
 .text.fit_image_setup_verify
                0x004118ec       0xbc common/built-in.o
 .text.fit_region_make_list
                0x004119a8       0x68 common/built-in.o
                0x004119a8                fit_region_make_list
 .text.fit_image_check_sig
                0x00411a10       0xb4 common/built-in.o
                0x00411a10                fit_image_check_sig
 .text.fit_image_verify_required_sigs
                0x00411ac4      0x210 common/built-in.o
                0x00411ac4                fit_image_verify_required_sigs
 .text.fit_config_check_sig
                0x00411cd4      0x27c common/built-in.o
                0x00411cd4                fit_config_check_sig
 .text.fit_config_verify_required_sigs
                0x00411f50      0x1c8 common/built-in.o
                0x00411f50                fit_config_verify_required_sigs
 .text.fit_config_verify
                0x00412118        0x8 common/built-in.o
                0x00412118                fit_config_verify
 .text.get_effective_memsize
                0x00412120        0x8 common/built-in.o
                0x00412120                get_effective_memsize
 .text.stdio_serial_tstc
                0x00412128        0x4 common/built-in.o
 .text.stdio_serial_getc
                0x0041212c        0x4 common/built-in.o
 .text.stdio_serial_puts
                0x00412130        0x8 common/built-in.o
 .text.stdio_serial_putc
                0x00412138        0x8 common/built-in.o
 .text.stdio_get_list
                0x00412140        0xc common/built-in.o
                0x00412140                stdio_get_list
 .text.stdio_get_by_name
                0x0041214c       0x5c common/built-in.o
                0x0041214c                stdio_get_by_name
 .text.stdio_clone
                0x004121a8       0x38 common/built-in.o
                0x004121a8                stdio_clone
 .text.stdio_register_dev
                0x004121e0       0x50 common/built-in.o
                0x004121e0                stdio_register_dev
 .text.stdio_register
                0x00412230        0x8 common/built-in.o
                0x00412230                stdio_register
 .text.stdio_init_tables
                0x00412238       0x1c common/built-in.o
                0x00412238                stdio_init_tables
 .text.stdio_add_devices
                0x00412254       0x7c common/built-in.o
                0x00412254                stdio_add_devices
 .text.run_command
                0x004122d0       0x10 common/built-in.o
                0x004122d0                run_command
 .text.run_command_list
                0x004122e0       0x5c common/built-in.o
                0x004122e0                run_command_list
 .text.do_run   0x0041233c       0x78 common/built-in.o
                0x0041233c                do_run
 .text.cli_process_fdt
                0x004123b4       0x40 common/built-in.o
                0x004123b4                cli_process_fdt
 .text.cli_secure_boot_cmd
                0x004123f4       0x78 common/built-in.o
                0x004123f4                cli_secure_boot_cmd
 .text.cli_loop
                0x0041246c        0xc common/built-in.o
                0x0041246c                cli_loop
 .text.cli_init
                0x00412478        0x4 common/built-in.o
                0x00412478                cli_init
 .text.delete_char.part.0
                0x0041247c       0xd0 common/built-in.o
 .text.cread_add_char
                0x0041254c       0xe8 common/built-in.o
 .text.cli_readline_into_buffer
                0x00412634      0x90c common/built-in.o
                0x00412634                cli_readline_into_buffer
 .text.cli_readline
                0x00412f40       0x14 common/built-in.o
                0x00412f40                cli_readline
 .text.find_cmd_tbl
                0x00412f54       0xa4 common/built-in.o
                0x00412f54                find_cmd_tbl
 .text.find_cmd
                0x00412ff8       0x28 common/built-in.o
                0x00412ff8                find_cmd
 .text.cmd_usage
                0x00413020       0x5c common/built-in.o
                0x00413020                cmd_usage
 .text._do_help
                0x0041307c      0x178 common/built-in.o
                0x0041307c                _do_help
 .text.cmd_get_data_size
                0x004131f4       0x5c common/built-in.o
                0x004131f4                cmd_get_data_size
 .text.cmd_process
                0x00413250       0xf4 common/built-in.o
                0x00413250                cmd_process
 .text.cmd_process_error
                0x00413344       0x34 common/built-in.o
                0x00413344                cmd_process_error
 .text.hex1_bin
                0x00413378       0x40 common/built-in.o
 .text.hex2_bin
                0x004133b8       0x38 common/built-in.o
 .text.srec_decode
                0x004133f0      0x254 common/built-in.o
                0x004133f0                srec_decode
 .text.CYGACC_COMM_IF_GETC_TIMEOUT.isra.0
                0x00413644       0x5c common/built-in.o
 .text.xyzModem_flush
                0x004136a0       0x1c common/built-in.o
 .text.xyzModem_get_hdr
                0x004136bc      0x230 common/built-in.o
 .text.xyzModem_stream_open
                0x004138ec      0x23c common/built-in.o
                0x004138ec                xyzModem_stream_open
 .text.xyzModem_stream_read
                0x00413b28      0x258 common/built-in.o
                0x00413b28                xyzModem_stream_read
 .text.xyzModem_stream_close
                0x00413d80       0x54 common/built-in.o
                0x00413d80                xyzModem_stream_close
 .text.xyzModem_stream_terminate
                0x00413dd4       0x94 common/built-in.o
                0x00413dd4                xyzModem_stream_terminate
 .text.xyzModem_error
                0x00413e68       0x20 common/built-in.o
                0x00413e68                xyzModem_error
 .text.get_dev_hwpart
                0x00413e88       0xb0 disk/built-in.o
 .text.dev_print
                0x00413f38      0x204 disk/built-in.o
                0x00413f38                dev_print
 .text.init_part
                0x0041413c       0x20 disk/built-in.o
                0x0041413c                init_part
 .text.print_part
                0x0041415c       0xf4 disk/built-in.o
                0x0041415c                print_part
 .text.get_partition_info
                0x00414250       0x2c disk/built-in.o
                0x00414250                get_partition_info
 .text.get_device
                0x0041427c      0x114 disk/built-in.o
                0x0041427c                get_device
 .text.get_device_and_partition
                0x00414390      0x440 disk/built-in.o
                0x00414390                get_device_and_partition
 .text.test_block_type
                0x004147d0       0x84 disk/built-in.o
 .text.print_partition_extended
                0x00414854      0x274 disk/built-in.o
 .text.get_partition_info_extended.constprop.2
                0x00414ac8      0x2dc disk/built-in.o
 .text.test_part_dos
                0x00414da4       0x64 disk/built-in.o
                0x00414da4                test_part_dos
 .text.print_part_dos
                0x00414e08       0x34 disk/built-in.o
                0x00414e08                print_part_dos
 .text.get_partition_info_dos
                0x00414e3c       0x20 disk/built-in.o
                0x00414e3c                get_partition_info_dos
 .text.alloc_priv
                0x00414e5c       0x4c drivers/built-in.o
 .text.device_bind
                0x00414ea8      0x2f8 drivers/built-in.o
                0x00414ea8                device_bind
 .text.device_bind_by_name
                0x004151a0       0x5c drivers/built-in.o
                0x004151a0                device_bind_by_name
 .text.device_probe
                0x004151fc        0x8 drivers/built-in.o
                0x004151fc                device_probe
 .text.device_probe_child
                0x00415204      0x220 drivers/built-in.o
                0x00415204                device_probe_child
 .text.dev_get_platdata
                0x00415424       0x34 drivers/built-in.o
                0x00415424                dev_get_platdata
 .text.dev_get_parent_platdata
                0x00415458       0x34 drivers/built-in.o
                0x00415458                dev_get_parent_platdata
 .text.dev_get_priv
                0x0041548c       0x34 drivers/built-in.o
                0x0041548c                dev_get_priv
 .text.dev_get_uclass_priv
                0x004154c0       0x34 drivers/built-in.o
                0x004154c0                dev_get_uclass_priv
 .text.dev_get_parentdata
                0x004154f4       0x34 drivers/built-in.o
                0x004154f4                dev_get_parentdata
 .text.device_find_first_child
                0x00415528       0x1c drivers/built-in.o
                0x00415528                device_find_first_child
 .text.device_find_next_child
                0x00415544       0x28 drivers/built-in.o
                0x00415544                device_find_next_child
 .text.lists_driver_lookup_name
                0x0041556c       0x4c drivers/built-in.o
                0x0041556c                lists_driver_lookup_name
 .text.lists_uclass_lookup
                0x004155b8       0x3c drivers/built-in.o
                0x004155b8                lists_uclass_lookup
 .text.lists_bind_drivers
                0x004155f4       0x88 drivers/built-in.o
                0x004155f4                lists_bind_drivers
 .text.device_bind_driver_to_node
                0x0041567c       0x80 drivers/built-in.o
                0x0041567c                device_bind_driver_to_node
 .text.device_bind_driver
                0x004156fc       0x18 drivers/built-in.o
                0x004156fc                device_bind_driver
 .text.lists_bind_fdt
                0x00415714      0x1a4 drivers/built-in.o
                0x00415714                lists_bind_fdt
 .text.dm_root  0x004158b8       0x28 drivers/built-in.o
                0x004158b8                dm_root
 .text.dm_init  0x004158e0       0x64 drivers/built-in.o
                0x004158e0                dm_init
 .text.dm_scan_platdata
                0x00415944       0x2c drivers/built-in.o
                0x00415944                dm_scan_platdata
 .text.dm_scan_fdt_node
                0x00415970       0xc8 drivers/built-in.o
                0x00415970                dm_scan_fdt_node
 .text.dm_scan_fdt
                0x00415a38       0x18 drivers/built-in.o
                0x00415a38                dm_scan_fdt
 .text.dm_scan_other
                0x00415a50        0x8 drivers/built-in.o
                0x00415a50                dm_scan_other
 .text.dm_init_and_scan
                0x00415a58       0x44 drivers/built-in.o
                0x00415a58                dm_init_and_scan
 .text.uclass_find
                0x00415a9c       0x4c drivers/built-in.o
                0x00415a9c                uclass_find
 .text.uclass_get
                0x00415ae8      0x134 drivers/built-in.o
                0x00415ae8                uclass_get
 .text.uclass_find_device
                0x00415c1c       0x68 drivers/built-in.o
                0x00415c1c                uclass_find_device
 .text.uclass_find_device_by_seq
                0x00415c84       0x7c drivers/built-in.o
                0x00415c84                uclass_find_device_by_seq
 .text.uclass_get_device_tail
                0x00415d00       0x2c drivers/built-in.o
                0x00415d00                uclass_get_device_tail
 .text.uclass_get_device
                0x00415d2c       0x30 drivers/built-in.o
                0x00415d2c                uclass_get_device
 .text.uclass_get_device_by_seq
                0x00415d5c       0x58 drivers/built-in.o
                0x00415d5c                uclass_get_device_by_seq
 .text.uclass_bind_device
                0x00415db4       0xa4 drivers/built-in.o
                0x00415db4                uclass_bind_device
 .text.uclass_unbind_device
                0x00415e58       0x50 drivers/built-in.o
                0x00415e58                uclass_unbind_device
 .text.uclass_resolve_seq
                0x00415ea8       0xb0 drivers/built-in.o
                0x00415ea8                uclass_resolve_seq
 .text.uclass_pre_probe_device
                0x00415f58       0x64 drivers/built-in.o
                0x00415f58                uclass_pre_probe_device
 .text.uclass_post_probe_device
                0x00415fbc       0x20 drivers/built-in.o
                0x00415fbc                uclass_post_probe_device
 .text.uclass_pre_remove_device
                0x00415fdc       0x5c drivers/built-in.o
                0x00415fdc                uclass_pre_remove_device
 .text.dm_warn  0x00416038       0x28 drivers/built-in.o
                0x00416038                dm_warn
 .text.simple_bus_post_bind
                0x00416060       0x10 drivers/built-in.o
 .text.device_unbind
                0x00416070      0x134 drivers/built-in.o
                0x00416070                device_unbind
 .text.device_free
                0x004161a4       0x90 drivers/built-in.o
                0x004161a4                device_free
 .text.device_remove
                0x00416234      0x138 drivers/built-in.o
                0x00416234                device_remove
 .text.rsa_mod_exp
                0x0041636c       0x2c drivers/built-in.o
                0x0041636c                rsa_mod_exp
 .text.mod_exp_sw
                0x00416398       0x14 drivers/built-in.o
                0x00416398                mod_exp_sw
 .text.fpga_no_sup
                0x004163ac       0x4c drivers/built-in.o
 .text.fpga_get_desc
                0x004163f8       0x34 drivers/built-in.o
                0x004163f8                fpga_get_desc
 .text.fpga_dev_info
                0x0041642c       0x94 drivers/built-in.o
 .text.fpga_validate
                0x004164c0       0x54 drivers/built-in.o
                0x004164c0                fpga_validate
 .text.fpga_init
                0x00416514       0x20 drivers/built-in.o
                0x00416514                fpga_init
 .text.fpga_count
                0x00416534       0x10 drivers/built-in.o
                0x00416534                fpga_count
 .text.fpga_add
                0x00416544       0xa0 drivers/built-in.o
                0x00416544                fpga_add
 .text.fpga_loadbitstream
                0x004165e4      0x274 drivers/built-in.o
                0x004165fc                fpga_loadbitstream
 .text.fpga_load
                0x00416858       0x94 drivers/built-in.o
                0x00416858                fpga_load
 .text.fpga_dump
                0x004168ec       0x8c drivers/built-in.o
                0x004168ec                fpga_dump
 .text.fpga_info
                0x00416978       0x74 drivers/built-in.o
                0x00416978                fpga_info
 .text.zynq_info
                0x004169ec        0x8 drivers/built-in.o
 .text.zynq_dump
                0x004169f4        0x8 drivers/built-in.o
 .text.load_word
                0x004169fc       0x48 drivers/built-in.o
 .text.zynq_load
                0x00416a44      0x3e0 drivers/built-in.o
 .text.xilinx_validate
                0x00416e24       0x7c drivers/built-in.o
 .text.xilinx_load
                0x00416ea0       0x84 drivers/built-in.o
                0x00416ea0                xilinx_load
 .text.xilinx_dump
                0x00416f24       0x78 drivers/built-in.o
                0x00416f24                xilinx_dump
 .text.xilinx_info
                0x00416f9c      0x1c8 drivers/built-in.o
                0x00416f9c                xilinx_info
 .text.mmc_set_ios
                0x00417164       0x18 drivers/mmc/built-in.o
 .text.mmc_set_capacity
                0x0041717c       0xac drivers/mmc/built-in.o
 .text.board_mmc_getwp
                0x00417228        0x8 drivers/mmc/built-in.o
                0x00417228                board_mmc_getwp
 .text.mmc_getwp
                0x00417230       0x3c drivers/mmc/built-in.o
                0x00417230                mmc_getwp
 .text.board_mmc_getcd
                0x0041726c        0x8 drivers/mmc/built-in.o
                0x0041726c                board_mmc_getcd
 .text.mmc_send_cmd
                0x00417274       0x10 drivers/mmc/built-in.o
                0x00417274                mmc_send_cmd
 .text.mmc_send_ext_csd
                0x00417284       0x4c drivers/mmc/built-in.o
 .text.mmc_go_idle
                0x004172d0       0x4c drivers/mmc/built-in.o
 .text.mmc_send_op_cond_iter
                0x0041731c       0x78 drivers/mmc/built-in.o
 .text.mmc_send_status
                0x00417394       0xe0 drivers/mmc/built-in.o
                0x00417394                mmc_send_status
 .text.mmc_switch.isra.1
                0x00417474       0x54 drivers/mmc/built-in.o
 .text.mmc_set_blocklen
                0x004174c8       0x40 drivers/mmc/built-in.o
                0x004174c8                mmc_set_blocklen
 .text.find_mmc_device
                0x00417508       0x4c drivers/mmc/built-in.o
                0x00417508                find_mmc_device
 .text.mmc_bread
                0x00417554      0x144 drivers/mmc/built-in.o
 .text.mmc_switch_part
                0x00417698       0x58 drivers/mmc/built-in.o
                0x00417698                mmc_switch_part
 .text.mmc_select_hwpart
                0x004176f0       0x6c drivers/mmc/built-in.o
                0x004176f0                mmc_select_hwpart
 .text.mmc_hwpart_config
                0x0041775c      0x41c drivers/mmc/built-in.o
                0x0041775c                mmc_hwpart_config
 .text.mmc_getcd
                0x00417b78       0x3c drivers/mmc/built-in.o
                0x00417b78                mmc_getcd
 .text.mmc_set_clock
                0x00417bb4       0x24 drivers/mmc/built-in.o
                0x00417bb4                mmc_set_clock
 .text.mmc_startup
                0x00417bd8      0xcb0 drivers/mmc/built-in.o
 .text.mmc_create
                0x00418888       0xfc drivers/mmc/built-in.o
                0x00418888                mmc_create
 .text.board_mmc_power_init
                0x00418984        0x4 drivers/mmc/built-in.o
                0x00418984                board_mmc_power_init
 .text.mmc_start_init
                0x00418988      0x254 drivers/mmc/built-in.o
                0x00418988                mmc_start_init
 .text.mmc_init
                0x00418bdc       0xf4 drivers/mmc/built-in.o
                0x00418bdc                mmc_init
 .text.mmc_get_dev
                0x00418cd0       0x2c drivers/mmc/built-in.o
                0x00418cd0                mmc_get_dev
 .text.mmc_set_dsr
                0x00418cfc        0xc drivers/mmc/built-in.o
                0x00418cfc                mmc_set_dsr
 .text.cpu_mmc_init
                0x00418d08        0x8 drivers/mmc/built-in.o
                0x00418d08                cpu_mmc_init
 .text.print_mmc_devices
                0x00418d10       0xc0 drivers/mmc/built-in.o
                0x00418d10                print_mmc_devices
 .text.get_mmc_num
                0x00418dd0       0x10 drivers/mmc/built-in.o
                0x00418dd0                get_mmc_num
 .text.mmc_initialize
                0x00418de0       0x74 drivers/mmc/built-in.o
                0x00418de0                mmc_initialize
 .text.sdhci_init
                0x00418e54      0x19c drivers/mmc/built-in.o
 .text.sdhci_set_ios
                0x00418ff0      0x1e0 drivers/mmc/built-in.o
 .text.sdhci_reset
                0x004191d0       0x60 drivers/mmc/built-in.o
 .text.sdhci_send_command
                0x00419230      0x40c drivers/mmc/built-in.o
 .text.add_sdhci
                0x0041963c      0x168 drivers/mmc/built-in.o
                0x0041963c                add_sdhci
 .text.zynq_sdhci_init
                0x004197a4       0x64 drivers/mmc/built-in.o
                0x004197a4                zynq_sdhci_init
 .text.mmc_berase
                0x00419808      0x194 drivers/mmc/built-in.o
                0x00419808                mmc_berase
 .text.mmc_bwrite
                0x0041999c      0x164 drivers/mmc/built-in.o
                0x0041999c                mmc_bwrite
 .text.mtd_arg_off
                0x00419b00       0x68 drivers/mtd/built-in.o
                0x00419b00                mtd_arg_off
 .text.mtd_arg_off_size
                0x00419b68      0x11c drivers/mtd/built-in.o
                0x00419b68                mtd_arg_off_size
 .text.spi_flash_post_bind
                0x00419c84        0x8 drivers/mtd/spi/built-in.o
 .text.spi_flash_read_dm
                0x00419c8c       0x1c drivers/mtd/spi/built-in.o
                0x00419c8c                spi_flash_read_dm
 .text.spi_flash_write_dm
                0x00419ca8       0x1c drivers/mtd/spi/built-in.o
                0x00419ca8                spi_flash_write_dm
 .text.spi_flash_erase_dm
                0x00419cc4       0x10 drivers/mtd/spi/built-in.o
                0x00419cc4                spi_flash_erase_dm
 .text.spi_flash_probe_bus_cs
                0x00419cd4       0x88 drivers/mtd/spi/built-in.o
                0x00419cd4                spi_flash_probe_bus_cs
 .text.spi_flash_probe
                0x00419d5c       0x2c drivers/mtd/spi/built-in.o
                0x00419d5c                spi_flash_probe
 .text.spi_flash_remove
                0x00419d88        0x4 drivers/mtd/spi/built-in.o
                0x00419d88                spi_flash_remove
 .text.spi_flash_free
                0x00419d8c        0xc drivers/mtd/spi/built-in.o
                0x00419d8c                spi_flash_free
 .text.spi_flash_set_qeb
                0x00419d98       0x6c drivers/mtd/spi/built-in.o
 .text.spi_flash_std_write
                0x00419e04       0x28 drivers/mtd/spi/built-in.o
                0x00419e04                spi_flash_std_write
 .text.spi_flash_std_erase
                0x00419e2c       0x20 drivers/mtd/spi/built-in.o
                0x00419e2c                spi_flash_std_erase
 .text.spi_flash_std_read
                0x00419e4c       0x28 drivers/mtd/spi/built-in.o
 .text.spi_flash_decode_fdt
                0x00419e74       0x60 drivers/mtd/spi/built-in.o
                0x00419e74                spi_flash_decode_fdt
 .text.spi_flash_probe_slave
                0x00419ed4      0x5c0 drivers/mtd/spi/built-in.o
                0x00419ed4                spi_flash_probe_slave
 .text.spi_flash_std_probe
                0x0041a494       0x34 drivers/mtd/spi/built-in.o
                0x0041a494                spi_flash_std_probe
 .text.spi_flash_read_write
                0x0041a4c8       0x7c drivers/mtd/spi/built-in.o
 .text.spi_flash_cmd_read
                0x0041a544       0x20 drivers/mtd/spi/built-in.o
                0x0041a544                spi_flash_cmd_read
 .text.spi_flash_cmd
                0x0041a564       0x2c drivers/mtd/spi/built-in.o
                0x0041a564                spi_flash_cmd
 .text.spi_flash_cmd_write
                0x0041a590       0x20 drivers/mtd/spi/built-in.o
                0x0041a590                spi_flash_cmd_write
 .text.spi_flash_dual_flash
                0x0041a5b0       0x58 drivers/mtd/spi/built-in.o
 .text.spi_flash_poll_status.isra.4
                0x0041a608       0xdc drivers/mtd/spi/built-in.o
 .text.spi_flash_cmd_4B_addr_switch
                0x0041a6e4      0x128 drivers/mtd/spi/built-in.o
                0x0041a6e4                spi_flash_cmd_4B_addr_switch
 .text.spi_flash_cmd_wait_ready
                0x0041a80c       0x50 drivers/mtd/spi/built-in.o
                0x0041a80c                spi_flash_cmd_wait_ready
 .text.spi_flash_write_common
                0x0041a85c       0x9c drivers/mtd/spi/built-in.o
                0x0041a85c                spi_flash_write_common
 .text.spi_flash_bank
                0x0041a8f8       0x90 drivers/mtd/spi/built-in.o
 .text.spi_flash_cmd_erase_ops
                0x0041a988      0x118 drivers/mtd/spi/built-in.o
                0x0041a988                spi_flash_cmd_erase_ops
 .text.spi_flash_cmd_write_ops
                0x0041aaa0      0x130 drivers/mtd/spi/built-in.o
                0x0041aaa0                spi_flash_cmd_write_ops
 .text.spi_flash_read_common
                0x0041abd0       0x5c drivers/mtd/spi/built-in.o
                0x0041abd0                spi_flash_read_common
 .text.spi_flash_cmd_read_status
                0x0041ac2c       0x2c drivers/mtd/spi/built-in.o
                0x0041ac2c                spi_flash_cmd_read_status
 .text.spi_flash_cmd_write_config
                0x0041ac58       0x4c drivers/mtd/spi/built-in.o
                0x0041ac58                spi_flash_cmd_write_config
 .text.spi_flash_cmd_read_config
                0x0041aca4       0x2c drivers/mtd/spi/built-in.o
                0x0041aca4                spi_flash_cmd_read_config
 .text.spi_flash_cmd_read_ops
                0x0041acd0      0x1f0 drivers/mtd/spi/built-in.o
                0x0041acd0                spi_flash_cmd_read_ops
 .text.nc_wait_arp_handler
                0x0041aec0       0x14 drivers/net/built-in.o
 .text.nc_handler
                0x0041aed4       0x24 drivers/net/built-in.o
 .text.nc_timeout_handler
                0x0041aef8       0x14 drivers/net/built-in.o
 .text.is_broadcast
                0x0041af0c       0xa8 drivers/net/built-in.o
 .text.nc_stdio_getc
                0x0041afb4       0x8c drivers/net/built-in.o
 .text.nc_send_packet
                0x0041b040      0x160 drivers/net/built-in.o
 .text.nc_stdio_putc
                0x0041b1a0       0x38 drivers/net/built-in.o
 .text.refresh_settings_from_env
                0x0041b1d8      0x12c drivers/net/built-in.o
 .text.nc_stdio_start
                0x0041b304       0x38 drivers/net/built-in.o
 .text.nc_stdio_tstc
                0x0041b33c       0x94 drivers/net/built-in.o
 .text.nc_stdio_puts
                0x0041b3d0       0x64 drivers/net/built-in.o
 .text.nc_start
                0x0041b434       0xdc drivers/net/built-in.o
                0x0041b434                nc_start
 .text.nc_input_packet
                0x0041b510       0xec drivers/net/built-in.o
                0x0041b510                nc_input_packet
 .text.drv_nc_init
                0x0041b5fc       0x84 drivers/net/built-in.o
                0x0041b5fc                drv_nc_init
 .text.zynq_gem_setup_mac
                0x0041b680       0x70 drivers/net/built-in.o
 .text.zynq_gem_halt
                0x0041b6f0       0x14 drivers/net/built-in.o
 .text.phy_setup_op
                0x0041b704       0x90 drivers/net/built-in.o
 .text.zynq_gem_miiphy_write
                0x0041b794       0x2c drivers/net/built-in.o
 .text.zynq_gem_recv
                0x0041b7c0       0xbc drivers/net/built-in.o
 .text.zynq_gem_send
                0x0041b87c      0x10c drivers/net/built-in.o
 .text.zynq_gem_miiphyread
                0x0041b988       0x24 drivers/net/built-in.o
 .text.zynq_gem_init
                0x0041b9ac      0x31c drivers/net/built-in.o
 .text.zynq_gem_initialize
                0x0041bcc8      0x134 drivers/net/built-in.o
                0x0041bcc8                zynq_gem_initialize
 .text.genphy_shutdown
                0x0041bdfc        0x8 drivers/net/phy/built-in.o
                0x0041bdfc                genphy_shutdown
 .text.generic_ffs
                0x0041be04       0x50 drivers/net/phy/built-in.o
 .text.phy_device_create
                0x0041be54       0xe4 drivers/net/phy/built-in.o
 .text.genphy_restart_aneg
                0x0041bf38       0x5c drivers/net/phy/built-in.o
                0x0041bf38                genphy_restart_aneg
 .text.genphy_config_aneg
                0x0041bf94      0x1d8 drivers/net/phy/built-in.o
                0x0041bf94                genphy_config_aneg
 .text.genphy_config
                0x0041c16c       0xb4 drivers/net/phy/built-in.o
                0x0041c16c                genphy_config
 .text.genphy_update_link
                0x0041c220      0x140 drivers/net/phy/built-in.o
                0x0041c220                genphy_update_link
 .text.genphy_parse_link
                0x0041c360      0x194 drivers/net/phy/built-in.o
                0x0041c360                genphy_parse_link
 .text.genphy_startup
                0x0041c4f4       0x1c drivers/net/phy/built-in.o
                0x0041c4f4                genphy_startup
 .text.phy_init
                0x0041c510       0x14 drivers/net/phy/built-in.o
                0x0041c510                phy_init
 .text.phy_register
                0x0041c524       0x28 drivers/net/phy/built-in.o
                0x0041c524                phy_register
 .text.get_phy_id
                0x0041c54c       0x70 drivers/net/phy/built-in.o
                0x0041c54c                get_phy_id
 .text.get_phy_device_by_mask
                0x0041c5bc      0x11c drivers/net/phy/built-in.o
 .text.phy_reset
                0x0041c6d8       0xac drivers/net/phy/built-in.o
                0x0041c6d8                phy_reset
 .text.phy_find_by_mask
                0x0041c784       0x3c drivers/net/phy/built-in.o
                0x0041c784                phy_find_by_mask
 .text.phy_connect_dev
                0x0041c7c0       0x44 drivers/net/phy/built-in.o
                0x0041c7c0                phy_connect_dev
 .text.phy_connect
                0x0041c804       0x50 drivers/net/phy/built-in.o
                0x0041c804                phy_connect
 .text.phy_startup
                0x0041c854       0x1c drivers/net/phy/built-in.o
                0x0041c854                phy_startup
 .text.board_phy_config
                0x0041c870       0x1c drivers/net/phy/built-in.o
                0x0041c870                board_phy_config
 .text.phy_config
                0x0041c88c       0x10 drivers/net/phy/built-in.o
                0x0041c88c                phy_config
 .text.m88e1xxx_parse_status
                0x0041c89c      0x10c drivers/net/phy/built-in.o
 .text.m88e1011s_startup
                0x0041c9a8       0x1c drivers/net/phy/built-in.o
 .text.m88e1118_startup
                0x0041c9c4       0x44 drivers/net/phy/built-in.o
 .text.m88e1145_startup
                0x0041ca08       0x40 drivers/net/phy/built-in.o
 .text.m88e1011s_config
                0x0041ca48       0xf8 drivers/net/phy/built-in.o
 .text.m88e1121_config
                0x0041cb40       0xcc drivers/net/phy/built-in.o
 .text.m88e1111s_config
                0x0041cc0c      0x324 drivers/net/phy/built-in.o
 .text.m88e1118_config
                0x0041cf30       0xc4 drivers/net/phy/built-in.o
 .text.m88e1145_config
                0x0041cff4      0x10c drivers/net/phy/built-in.o
 .text.m88e1149_config
                0x0041d100       0xc4 drivers/net/phy/built-in.o
 .text.m88e1310_config
                0x0041d1c4      0x168 drivers/net/phy/built-in.o
 .text.m88e1518_phy_writebits
                0x0041d32c       0x80 drivers/net/phy/built-in.o
                0x0041d32c                m88e1518_phy_writebits
 .text.m88e1518_config
                0x0041d3ac      0x1dc drivers/net/phy/built-in.o
 .text.phy_marvell_init
                0x0041d588       0x78 drivers/net/phy/built-in.o
                0x0041d588                phy_marvell_init
 .text.phy_write.constprop.0
                0x0041d600       0x2c drivers/net/phy/built-in.o
 .text.dp83865_config
                0x0041d62c       0x24 drivers/net/phy/built-in.o
 .text.dp83865_startup
                0x0041d650       0x5c drivers/net/phy/built-in.o
 .text.dp83630_config
                0x0041d6ac       0x6c drivers/net/phy/built-in.o
 .text.phy_natsemi_init
                0x0041d718       0x24 drivers/net/phy/built-in.o
                0x0041d718                phy_natsemi_init
 .text.serial_stub_start
                0x0041d73c        0xc drivers/serial/built-in.o
 .text.serial_stub_stop
                0x0041d748        0xc drivers/serial/built-in.o
 .text.serial_stub_putc
                0x0041d754       0x10 drivers/serial/built-in.o
 .text.serial_stub_puts
                0x0041d764       0x10 drivers/serial/built-in.o
 .text.serial_stub_getc
                0x0041d774        0xc drivers/serial/built-in.o
                0x0041d774                serial_stub_getc
 .text.serial_stub_tstc
                0x0041d780        0xc drivers/serial/built-in.o
                0x0041d780                serial_stub_tstc
 .text.get_current
                0x0041d78c       0x40 drivers/serial/built-in.o
 .text.serial_null
                0x0041d7cc        0x4 drivers/serial/built-in.o
                0x0041d7cc                jz_serial_initialize
                0x0041d7cc                bfin_serial_initialize
                0x0041d7cc                p3mx_serial_initialize
                0x0041d7cc                leon2_serial_initialize
                0x0041d7cc                leon3_serial_initialize
                0x0041d7cc                stm32_serial_initialize
                0x0041d7cc                amirix_serial_initialize
                0x0041d7cc                marvell_serial_initialize
                0x0041d7cc                cpci750_serial_initialize
                0x0041d7cc                ns16550_serial_initialize
                0x0041d7cc                asc_serial_initialize
                0x0041d7cc                altera_serial_initialize
                0x0041d7cc                oc_serial_initialize
                0x0041d7cc                sh_serial_initialize
                0x0041d7cc                mxs_auart_initialize
                0x0041d7cc                arm_dcc_initialize
                0x0041d7cc                bmw_serial_initialize
                0x0041d7cc                arc_serial_initialize
                0x0041d7cc                mcf_serial_initialize
                0x0041d7cc                lh7a40x_serial_initialize
                0x0041d7cc                evb64260_serial_initialize
                0x0041d7cc                lpc32xx_serial_initialize
                0x0041d7cc                max3100_serial_initialize
                0x0041d7cc                mpc85xx_serial_initialize
                0x0041d7cc                imx_serial_initialize
                0x0041d7cc                bfin_jtag_initialize
                0x0041d7cc                cogent_serial_initialize
                0x0041d7cc                clps7111_serial_initialize
                0x0041d7cc                ml2_serial_initialize
                0x0041d7cc                sandbox_serial_initialize
                0x0041d7cc                s3c24xx_serial_initialize
                0x0041d7cc                sconsole_serial_initialize
                0x0041d7cc                uartlite_serial_initialize
                0x0041d7cc                au1x00_serial_initialize
                0x0041d7cc                pxa_serial_initialize
                0x0041d7cc                atmel_serial_initialize
                0x0041d7cc                pl01x_serial_initialize
                0x0041d7cc                altera_jtag_serial_initialize
                0x0041d7cc                mpc512x_serial_initialize
                0x0041d7cc                s5p_serial_initialize
                0x0041d7cc                sa1100_serial_initialize
                0x0041d7cc                mpc8260_scc_serial_initialize
                0x0041d7cc                mxc_serial_initialize
                0x0041d7cc                iop480_serial_initialize
                0x0041d7cc                mpc8xx_serial_initialize
                0x0041d7cc                mpc8260_smc_serial_initialize
                0x0041d7cc                mpc5xx_serial_initialize
 .text.serial_register
                0x0041d7d0       0x18 drivers/serial/built-in.o
                0x0041d7d0                serial_register
 .text.serial_stdio_init
                0x0041d7e8       0xa4 drivers/serial/built-in.o
                0x0041d7e8                serial_stdio_init
 .text.serial_assign
                0x0041d88c       0x4c drivers/serial/built-in.o
                0x0041d88c                serial_assign
 .text.serial_initialize
                0x0041d8d8       0xd0 drivers/serial/built-in.o
                0x0041d8d8                serial_initialize
 .text.serial_init
                0x0041d9a8       0x20 drivers/serial/built-in.o
                0x0041d9a8                serial_init
 .text.serial_setbrg
                0x0041d9c8       0x14 drivers/serial/built-in.o
                0x0041d9c8                serial_setbrg
 .text.on_baudrate
                0x0041d9dc       0xe4 drivers/serial/built-in.o
 .text.serial_getc
                0x0041dac0       0x14 drivers/serial/built-in.o
                0x0041dac0                serial_getc
 .text.serial_tstc
                0x0041dad4       0x14 drivers/serial/built-in.o
                0x0041dad4                serial_tstc
 .text.serial_putc
                0x0041dae8       0x1c drivers/serial/built-in.o
                0x0041dae8                serial_putc
 .text.serial_puts
                0x0041db04       0x1c drivers/serial/built-in.o
                0x0041db04                serial_puts
 .text.uart_zynq_serial_putc
                0x0041db20       0x40 drivers/serial/built-in.o
 .text.uart_zynq0_putc
                0x0041db60        0x8 drivers/serial/built-in.o
 .text.uart_zynq1_tstc
                0x0041db68       0x18 drivers/serial/built-in.o
 .text.uart_zynq1_putc
                0x0041db80        0x8 drivers/serial/built-in.o
 .text.uart_zynq1_puts
                0x0041db88       0x24 drivers/serial/built-in.o
 .text.uart_zynq_serial_setbrg
                0x0041dbac       0xc0 drivers/serial/built-in.o
 .text.uart_zynq1_setbrg
                0x0041dc6c        0x8 drivers/serial/built-in.o
 .text.uart_zynq1_init
                0x0041dc74       0x2c drivers/serial/built-in.o
 .text.uart_zynq0_setbrg
                0x0041dca0        0x8 drivers/serial/built-in.o
 .text.uart_zynq1_getc
                0x0041dca8       0x20 drivers/serial/built-in.o
 .text.uart_zynq0_tstc
                0x0041dcc8       0x14 drivers/serial/built-in.o
 .text.uart_zynq0_init
                0x0041dcdc       0x28 drivers/serial/built-in.o
 .text.uart_zynq0_getc
                0x0041dd04       0x1c drivers/serial/built-in.o
 .text.uart_zynq0_puts
                0x0041dd20       0x24 drivers/serial/built-in.o
 .text.default_serial_console
                0x0041dd44       0x74 drivers/serial/built-in.o
                0x0041dd44                default_serial_console
 .text.zynq_serial_initialize
                0x0041ddb8       0x20 drivers/serial/built-in.o
                0x0041ddb8                zynq_serial_initialize
 .text.spi_set_speed_mode
                0x0041ddd8       0x80 drivers/spi/built-in.o
 .text.spi_post_bind
                0x0041de58       0x10 drivers/spi/built-in.o
                0x0041de58                spi_post_bind
 .text.spi_post_probe
                0x0041de68       0x34 drivers/spi/built-in.o
                0x0041de68                spi_post_probe
 .text.spi_child_pre_probe
                0x0041de9c       0x34 drivers/spi/built-in.o
                0x0041de9c                spi_child_pre_probe
 .text.spi_claim_bus
                0x0041ded0       0xa0 drivers/spi/built-in.o
                0x0041ded0                spi_claim_bus
 .text.spi_release_bus
                0x0041df70       0x20 drivers/spi/built-in.o
                0x0041df70                spi_release_bus
 .text.spi_xfer
                0x0041df90       0x44 drivers/spi/built-in.o
                0x0041df90                spi_xfer
 .text.spi_find_chip_select
                0x0041dfd4       0x54 drivers/spi/built-in.o
                0x0041dfd4                spi_find_chip_select
 .text.spi_find_bus_and_cs
                0x0041e028       0x5c drivers/spi/built-in.o
                0x0041e028                spi_find_bus_and_cs
 .text.spi_get_bus_and_cs
                0x0041e084      0x158 drivers/spi/built-in.o
                0x0041e084                spi_get_bus_and_cs
 .text.spi_slave_ofdata_to_platdata
                0x0041e1dc       0xc0 drivers/spi/built-in.o
                0x0041e1dc                spi_slave_ofdata_to_platdata
 .text.spi_child_post_bind
                0x0041e29c       0x30 drivers/spi/built-in.o
                0x0041e29c                spi_child_post_bind
 .text.zynq_qspi_ofdata_to_platdata
                0x0041e2cc       0x28 drivers/spi/built-in.o
 .text.zynq_qspi_set_mode
                0x0041e2f4       0x3c drivers/spi/built-in.o
 .text.zynq_qspi_set_speed
                0x0041e330       0x94 drivers/spi/built-in.o
 .text.zynq_qspi_release_bus
                0x0041e3c4       0x20 drivers/spi/built-in.o
 .text.zynq_qspi_claim_bus
                0x0041e3e4       0x20 drivers/spi/built-in.o
 .text.zynq_qspi_fill_tx_fifo
                0x0041e404      0x178 drivers/spi/built-in.o
 .text.zynq_qspi_child_pre_probe
                0x0041e57c       0x40 drivers/spi/built-in.o
 .text.zynq_qspi_probe
                0x0041e5bc      0x1d8 drivers/spi/built-in.o
 .text.zynq_qspi_xfer
                0x0041e794      0x32c drivers/spi/built-in.o
 .text.fs_probe_unsupported
                0x0041eac0       0x18 fs/built-in.o
 .text.fs_ls_unsupported
                0x0041ead8        0x8 fs/built-in.o
 .text.fs_exists_unsupported
                0x0041eae0        0x8 fs/built-in.o
 .text.fs_size_unsupported
                0x0041eae8        0x8 fs/built-in.o
 .text.fs_read_unsupported
                0x0041eaf0        0x8 fs/built-in.o
 .text.fs_write_unsupported
                0x0041eaf8        0x8 fs/built-in.o
 .text.fs_close_unsupported
                0x0041eb00        0x4 fs/built-in.o
 .text.fs_uuid_unsupported
                0x0041eb04        0x8 fs/built-in.o
 .text.fs_get_info
                0x0041eb0c       0x34 fs/built-in.o
 .text.fs_close
                0x0041eb40       0x28 fs/built-in.o
 .text.fs_set_blk_dev
                0x0041eb68       0xb4 fs/built-in.o
                0x0041eb68                fs_set_blk_dev
 .text.fs_ls    0x0041ec1c       0x3c fs/built-in.o
                0x0041ec1c                fs_ls
 .text.fs_exists
                0x0041ec58       0x34 fs/built-in.o
                0x0041ec58                fs_exists
 .text.fs_size  0x0041ec8c       0x3c fs/built-in.o
                0x0041ec8c                fs_size
 .text.fs_read  0x0041ecc8       0xac fs/built-in.o
                0x0041ecc8                fs_read
 .text.do_size  0x0041ed74       0x60 fs/built-in.o
                0x0041ed74                do_size
 .text.do_load  0x0041edd4      0x238 fs/built-in.o
                0x0041edd4                do_load
 .text.do_ls    0x0041f00c       0x68 fs/built-in.o
                0x0041f00c                do_ls
 .text.file_exists
                0x0041f074       0x2c fs/built-in.o
                0x0041f074                file_exists
 .text.get_fs   0x0041f0a0        0xc fs/built-in.o
                0x0041f0a0                get_fs
 .text.ext4fs_free_node
                0x0041f0ac       0x20 fs/built-in.o
                0x0041f0ac                ext4fs_free_node
 .text.ext4fs_read_file
                0x0041f0cc      0x38c fs/built-in.o
                0x0041f0cc                ext4fs_read_file
 .text.ext4fs_ls
                0x0041f458       0x78 fs/built-in.o
                0x0041f458                ext4fs_ls
 .text.ext4fs_exists
                0x0041f4d0       0x1c fs/built-in.o
                0x0041f4d0                ext4fs_exists
 .text.ext4fs_size
                0x0041f4ec        0x4 fs/built-in.o
                0x0041f4ec                ext4fs_size
 .text.ext4fs_read
                0x0041f4f0       0x64 fs/built-in.o
                0x0041f4f0                ext4fs_read
 .text.ext4fs_probe