device.c:191:14:alloc_priv	16	static
device.c:27:5:device_bind	40	static
device.c:176:5:device_bind_by_name	32	static
device.c:315:5:device_probe	0	static
device.c:206:5:device_probe_child	24	static
device.c:320:7:dev_get_platdata	8	static
device.c:330:7:dev_get_parent_platdata	8	static
device.c:340:7:dev_get_uclass_platdata	8	static
device.c:350:7:dev_get_priv	8	static
device.c:360:7:dev_get_uclass_priv	8	static
device.c:370:7:dev_get_parentdata	8	static
device.c:395:5:device_get_child	16	static
device.c:407:5:device_find_child_by_seq	8	static
device.c:427:5:device_get_child_by_seq	32	static
device.c:445:5:device_find_child_by_of_offset	0	static
device.c:462:5:device_get_child_by_of_offset	24	static
device.c:473:5:device_find_first_child	0	static
device.c:485:5:device_find_next_child	0	static
device.c:500:17:dev_get_parent	0	static
device.c:505:7:dev_get_driver_data	0	static
device.c:510:13:dev_get_driver_ops	0	static
device.c:518:16:device_get_uclass_id	0	static
device.c:523:13:dev_get_uclass_name	0	static
device.c:532:12:dev_get_addr	0	static
device.c:543:6:device_has_children	0	static
device.c:548:6:device_has_active_children	16	static
device.c:562:6:device_is_last_sibling	0	static
