uclass.c:22:16:uclass_find	0	static
uclass.c:99:5:uclass_destroy	16	static
uclass.c:133:5:uclass_get	24	static
uclass.c:146:5:uclass_find_device	24	static
uclass.c:167:5:uclass_find_first_device	16	static
uclass.c:184:5:uclass_find_next_device	0	static
uclass.c:197:5:uclass_find_device_by_name	32	static
uclass.c:221:5:uclass_find_device_by_seq	24	static
uclass.c:274:5:uclass_get_device_tail	16	static
uclass.c:290:5:uclass_get_device	16	static
uclass.c:300:5:uclass_get_device_by_name	16	static
uclass.c:311:5:uclass_get_device_by_seq	24	static
uclass.c:328:5:uclass_get_device_by_of_offset	24	static
uclass.c:339:5:uclass_first_device	16	static
uclass.c:351:5:uclass_next_device	16	static
uclass.c:363:5:uclass_bind_device	16	static
uclass.c:395:5:uclass_unbind_device	8	static
uclass.c:412:5:uclass_resolve_seq	24	static
uclass.c:443:5:uclass_pre_probe_device	8	static
uclass.c:464:5:uclass_post_probe_device	0	static
uclass.c:475:5:uclass_pre_remove_device	16	static
