fs.c:36:19:fs_probe_unsupported	8	static
fs.c:43:19:fs_ls_unsupported	0	static
fs.c:48:19:fs_exists_unsupported	0	static
fs.c:53:19:fs_size_unsupported	0	static
fs.c:58:19:fs_read_unsupported	0	static
fs.c:65:19:fs_write_unsupported	0	static
fs.c:72:20:fs_close_unsupported	0	static
fs.c:76:19:fs_uuid_unsupported	0	static
fs.c:175:28:fs_get_info	0	static
fs.c:232:13:fs_close	8	static
fs.c:189:5:fs_set_blk_dev	24	static
fs.c:241:5:fs_uuid	8	static
fs.c:248:5:fs_ls	16	static
fs.c:262:5:fs_exists	8	static
fs.c:275:5:fs_size	16	static
fs.c:288:5:fs_read	48	static
fs.c:313:5:fs_write	48	static
fs.c:333:5:do_size	24	static
fs.c:352:5:do_load	72	static
fs.c:421:5:do_ls	16	static
fs.c:438:5:file_exists	8	static
fs.c:447:5:do_save	64	static
fs.c:489:5:do_fs_uuid	56	static
fs.c:514:5:do_fs_type	16	static
