fdtdec.c:620:20:get_prop_check_min_len	24	static
fdtdec.c:81:13:fdtdec_get_compatible	0	static
fdtdec.c:297:10:fdtdec_get_uint64	24	static
fdtdec.c:310:5:fdtdec_get_is_enabled	8	static
fdtdec.c:327:20:fdtdec_lookup	24	static
fdtdec.c:339:5:fdtdec_next_compatible	0	static
fdtdec.c:345:5:fdtdec_next_compatible_subnode	24	static
fdtdec.c:360:5:fdtdec_next_alias	72	static
fdtdec.c:391:5:fdtdec_add_aliases_for_id	64	dynamic
fdtdec.c:382:5:fdtdec_find_aliases_for_id	24	static
fdtdec.c:505:5:fdtdec_get_alias_seq	56	static
fdtdec.c:549:5:fdtdec_get_chosen_node	24	static
fdtdec.c:581:5:fdtdec_prepare_fdt	8	static
fdtdec.c:564:5:fdtdec_check_fdt	8	static
fdtdec.c:595:5:fdtdec_lookup_phandle	8	static
fdtdec.c:637:5:fdtdec_get_int_array	32	static
fdtdec.c:1058:12:decode_timing_property	40	static
fdtdec.c:653:5:fdtdec_get_int_array_count	24	static
fdtdec.c:673:12:fdtdec_locate_array	24	static
fdtdec.c:684:5:fdtdec_get_bool	16	static
fdtdec.c:694:5:fdtdec_parse_phandle_with_args	48	static
fdtdec.c:818:5:fdtdec_get_byte_array	24	static
fdtdec.c:830:11:fdtdec_locate_byte_array	24	static
fdtdec.c:842:5:fdtdec_get_config_int	16	static
fdtdec.c:854:5:fdtdec_get_config_bool	16	static
fdtdec.c:868:7:fdtdec_get_config_string	24	static
fdtdec.c:886:5:fdtdec_decode_region	16	static
fdtdec.c:917:5:fdtdec_read_fmap_entry	40	static
fdtdec.c:940:5:fdtdec_get_number	12	static
fdtdec.c:88:12:fdtdec_get_addr_size	40	static
fdtdec.c:132:12:fdtdec_get_addr	0	static
fdtdec.c:950:5:fdt_get_resource	40	static
fdtdec.c:984:5:fdt_get_named_resource	24	static
fdtdec.c:997:5:fdtdec_decode_memory_region	104	static
fdtdec.c:1082:5:fdtdec_decode_display_timing	32	static
fdtdec.c:1150:5:fdtdec_setup	8	static
