marvell.c:106:13:m88e1xxx_parse_status	24	static
marvell.c:163:12:m88e1011s_startup	8	static
marvell.c:351:12:m88e1118_startup	24	static
marvell.c:414:12:m88e1145_startup	24	static
marvell.c:85:12:m88e1011s_config	32	static
marvell.c:363:12:m88e1121_config	24	static
marvell.c:172:12:m88e1111s_config	24	static
marvell.c:331:12:m88e1118_config	24	static
marvell.c:388:12:m88e1145_config	24	static
marvell.c:425:12:m88e1149_config	24	static
marvell.c:441:12:m88e1310_config	24	static
marvell.c:282:6:m88e1518_phy_writebits	32	static
marvell.c:300:12:m88e1518_config	24	static
marvell.c:562:5:phy_marvell_init	8	static
