phy.c:429:5:genphy_shutdown	0	static
bitops.h:12:19:generic_ffs	0	static
phy.c:559:27:phy_device_create	24	static
phy.c:141:5:genphy_restart_aneg	24	static
phy.c:169:5:genphy_config_aneg	32	static
phy.c:368:5:genphy_config	16	static
phy.c:209:5:genphy_update_link	24	static
phy.c:277:5:genphy_parse_link	24	static
phy.c:421:5:genphy_startup	8	static
phy.c:446:5:phy_init	8	static
phy.c:497:5:phy_register	0	static
phy.c:604:12:get_phy_id	24	static
phy.c:658:27:get_phy_device_by_mask	48	static
phy.c:695:5:phy_reset	24	static
phy.c:750:5:miiphy_reset	8	static
phy.c:765:20:phy_find_by_mask	16	static
phy.c:780:6:phy_connect_dev	24	static
phy.c:798:20:phy_connect	24	static
phy.c:815:5:phy_startup	0	static
phy.c:823:12:board_phy_config	0	static
phy.c:830:5:phy_config	8	static
phy.c:838:5:phy_shutdown	8	static
phy.c:846:5:phy_get_interface_by_name	16	static
