bootstage.h:344:19:bootstage_relocate	0	static
board_r.c:95:12:initr_trace	0	static
board_r.c:131:12:initr_reloc_global_data	0	static
board_r.c:261:12:initr_barrier	0	static
board_r.c:303:12:power_init_board	0	static
board_r.c:308:12:initr_announce	0	static
board_r.c:676:12:run_main_loop	8	static
board_r.c:587:12:initr_net	8	static
board_r.c:516:12:initr_ethaddr	8	static
board_r.c:508:12:initr_enable_interrupts	8	static
board_r.c:491:12:initr_jumptable	8	static
board_r.c:448:12:initr_env	8	static
board_r.c:409:12:initr_mmc	8	static
board_r.c:173:12:initr_serial	8	static
board_r.c:294:12:initr_dm	0	static
board_r.c:270:12:initr_malloc	8	static
board_r.c:118:12:initr_caches	8	static
board_r.c:104:12:initr_reloc	8	static
board_r.c:67:12:board_flash_wp_on	0	static
board_r.c:77:13:cpu_secondary_init_r	0	static
board_r.c:81:12:initr_secondary_cpu	8	static
board_r.c:126:12:fixup_cpu	0	static
board_r.c:897:6:board_init_r	8	static
