common.h:233:19:print_cpuinfo	0	static
board_f.c:145:12:display_text_info	0	static
board_f.c:266:12:setup_mon_len	0	static
board_f.c:281:12:arch_cpu_init	0	static
board_f.c:382:12:reserve_round_4k	0	static
board_f.c:390:12:reserve_mmu	0	static
board_f.c:420:12:reserve_trace	0	static
board_f.c:445:12:reserve_uboot	0	static
board_f.c:468:12:reserve_malloc	0	static
board_f.c:490:12:setup_machine	0	static
board_f.c:498:12:reserve_global_data	0	static
board_f.c:544:12:display_new_sp	0	static
board_f.c:724:12:initf_dm	0	static
board_f.c:738:12:reserve_arch	0	static
board_f.c:743:12:arch_cpu_init_dm	0	static
board_f.c:665:12:setup_reloc	8	static
board_f.c:174:12:announce_dram_init	8	static
board_f.c:139:12:init_baud_rate	8	static
board_f.c:717:12:mark_bootstage	8	static
board_f.c:477:12:reserve_board	8	static
board_f.c:86:13:coloured_LED_init	0	static
board_f.c:87:13:red_led_on	0	static
board_f.c:88:13:red_led_off	0	static
board_f.c:89:13:green_led_on	0	static
board_f.c:90:13:green_led_off	0	static
board_f.c:91:13:yellow_led_on	0	static
board_f.c:92:13:yellow_led_off	0	static
board_f.c:93:13:blue_led_on	0	static
board_f.c:94:13:blue_led_off	0	static
board_f.c:134:13:board_add_ram_info	0	static
board_f.c:199:12:show_dram_config	8	static
board_f.c:226:13:dram_init_banksize	8	static
board_f.c:647:12:setup_dram_config	8	static
board_f.c:299:14:board_get_usable_ram_top	0	static
board_f.c:316:12:setup_dest_addr	16	static
board_f.c:526:5:arch_reserve_stacks	0	static
board_f.c:531:12:reserve_stacks	0	static
board_f.c:945:6:board_init_f	8	static
board_f.c:1020:7:board_init_f_mem	8	static
