cmd_nvedit.c:781:12:do_env_delete	24	static
cmd_nvedit.c:1096:12:do_env_exists	48	static
cmd_nvedit.c:704:12:do_env_save	8	static
cmd_nvedit.c:1159:12:do_env	24	static
cmd_nvedit.c:83:12:env_print	56	static
cmd_nvedit.c:114:12:do_env_print	24	static
cmd_nvedit.c:983:12:do_env_import	56	static
cmd_nvedit.c:744:12:do_env_default	8	static
cmd_nvedit.c:211:12:_do_env_set.isra.1	72	static
cmd_nvedit.c:344:12:do_env_set	0	static
cmd_nvedit.c:356:5:do_env_ask	2104	static
cmd_nvedit.c:72:5:get_env_id	0	static
cmd_nvedit.c:284:5:setenv	24	static
cmd_nvedit.c:305:5:setenv_ulong	8	static
cmd_nvedit.c:320:5:setenv_hex	32	static
cmd_nvedit.c:862:12:do_env_export	96	static
cmd_nvedit.c:728:5:envmatch	24	static
cmd_nvedit.c:647:5:getenv_f	32	static
cmd_nvedit.c:623:7:getenv	48	static
cmd_nvedit.c:328:7:getenv_hex	24	static
cmd_nvedit.c:691:7:getenv_ulong	16	static
cmd_nvedit.c:581:12:do_env_edit.part.3	2080	static
cmd_nvedit.c:581:12:do_env_edit	0	static
