console.c:100:12:console_setfile	16	static
console.c:279:5:serial_printf	2096	static
console.c:486:6:puts	0	static
console.c:518:5:printf	2096	static
console.c:455:6:putc	0	static
console.c:297:5:fgetc	0	static
console.c:369:5:getc	0	static
console.c:328:5:ftstc	0	static
console.c:388:5:tstc	0	static
console.c:336:6:fputc	0	static
console.c:342:6:fputs	0	static
console.c:348:5:fprintf	2100	static
console.c:542:5:vprintf	2096	static
console.c:565:5:ctrlc	8	static
console.c:586:5:confirm_yesno	16	static
console.c:613:5:disable_ctrlc	0	static
console.c:621:5:had_ctrlc	0	static
console.c:626:6:clear_ctrlc	0	static
console.c:671:19:search_device	8	static
console.c:683:5:console_assign	8	static
console.c:20:12:on_console	24	static
console.c:712:5:console_init_f	0	static
console.c:726:6:stdio_print_current_devices	8	static
console.c:753:5:console_init_r	16	static
