fdt_support.c:991:12:of_bus_default_map	40	static
fdt_support.c:1436:12:fdt_read_prop	8	static
fdt_support.c:974:6:of_bus_default_count_cells	24	static
fdt_support.c:1008:12:of_bus_default_translate	40	static
fdt_support.c:32:5:fdt_getprop_u32_default_node	16	static
fdt_support.c:62:5:fdt_getprop_u32_default	24	static
fdt_support.c:86:5:fdt_find_and_setprop	32	static
fdt_support.c:110:5:fdt_find_or_add_subnode	24	static
fdt_support.c:197:5:fdt_root	24	static
fdt_support.c:223:5:fdt_initrd	72	static
fdt_support.c:283:5:fdt_chosen	24	static
fdt_support.c:314:6:do_fixup_by_path	24	static
fdt_support.c:330:6:do_fixup_by_path_u32	24	static
fdt_support.c:337:6:do_fixup_by_prop	40	static
fdt_support.c:358:6:do_fixup_by_prop_u32	32	static
fdt_support.c:366:6:do_fixup_by_compat	40	static
fdt_support.c:385:6:do_fixup_by_compat_u32	24	static
fdt_support.c:425:5:fdt_fixup_memory_banks	64	static
fdt_support.c:468:5:fdt_fixup_memory	16	static
fdt_support.c:473:6:fdt_fixup_ethernet	88	static
fdt_support.c:521:5:fdt_shrink_to_minimum	48	static
fdt_support.c:711:5:fdt_increase_size	0	static
fdt_support.c:930:6:fdt_del_node_and_alias	16	static
fdt_support.c:1168:5:fdt_translate_address	112	static
fdt_support.c:1182:5:fdt_node_offset_by_compat_reg	32	static
fdt_support.c:1203:5:fdt_alloc_phandle	16	static
fdt_support.c:1223:5:fdt_set_phandle	40	static
fdt_support.c:1262:14:fdt_create_phandle	16	static
fdt_support.c:1292:5:fdt_set_node_status	40	static
fdt_support.c:1333:5:fdt_set_status_by_alias	16	static
fdt_support.c:1379:5:fdt_verify_alias_address	48	static
fdt_support.c:1420:5:fdt_get_base_address	24	static
fdt_support.c:1472:5:fdt_read_range	56	static
fdt_support.c:1540:5:fdt_setup_simplefb_node	104	static
fdt_support.c:1593:5:fdt_fixup_display	40	static
