image.c:417:12:on_loadaddr	8	static
image.c:169:5:image_check_hcrc	72	static
image.c:184:5:image_check_dcrc	8	static
image.c:206:7:image_multi_count	0	static
image.c:239:6:image_multi_getimg	16	static
image.c:433:7:getenv_bootm_low	8	static
image.c:450:13:getenv_bootm_size	8	static
image.c:472:13:getenv_bootm_mapsize	8	static
image.c:488:6:memmove_wd	0	static
image.c:518:6:genimg_print_size	8	static
image.c:560:7:get_table_entry_name	0	static
image.c:573:13:genimg_get_os_name	0	static
image.c:578:13:genimg_get_arch_name	0	static
image.c:584:13:genimg_get_type_name	0	static
image.c:589:13:genimg_get_comp_name	0	static
image.c:299:6:image_print_contents	40	static
image.c:609:5:get_table_entry_id	16	static
image.c:643:5:genimg_get_os_id	0	static
image.c:648:5:genimg_get_arch_id	0	static
image.c:653:5:genimg_get_type_id	0	static
image.c:658:5:genimg_get_comp_id	0	static
image.c:679:7:genimg_get_kernel_addr_fit	24	static
image.c:713:7:genimg_get_kernel_addr	16	static
image.c:736:5:genimg_get_format	8	static
image.c:767:7:genimg_get_image	0	static
image.c:843:5:genimg_has_config	0	static
image.c:874:5:boot_get_ramdisk	80	static
image.c:1079:5:boot_ramdisk_high	24	static
image.c:1158:5:boot_get_setup	0	static
image.c:1169:5:boot_get_loadable	72	static
image.c:1314:5:image_setup_linux	32	static
