image-fit.c:75:5:fit_parse_conf	24	static
image-fit.c:101:5:fit_parse_subimage	24	static
image-fit.c:124:5:fit_get_subimage_count	24	static
image-fit.c:470:5:fit_get_desc	16	static
image-fit.c:498:5:fit_get_timestamp	16	static
image-fit.c:530:5:fit_image_get_node	16	static
image-fit.c:564:5:fit_image_get_os	16	static
image-fit.c:596:5:fit_image_get_arch	16	static
image-fit.c:628:5:fit_image_get_type	16	static
image-fit.c:660:5:fit_image_get_comp	16	static
image-fit.c:691:5:fit_image_get_load	16	static
image-fit.c:723:5:fit_image_get_entry	16	static
image-fit.c:753:5:fit_image_get_data	24	static
image-fit.c:782:5:fit_image_hash_get_algo	16	static
image-fit.c:810:5:fit_image_hash_get_value	24	static
image-fit.c:260:13:fit_image_print_data	48	static
image-fit.c:356:6:fit_image_print	56	static
image-fit.c:867:5:fit_set_timestamp	32	static
image-fit.c:903:5:calculate_hash	32	static
image-fit.c:990:5:fit_image_verify	96	static
image-fit.c:1065:5:fit_all_image_verify	32	static
image-fit.c:1116:5:fit_image_check_os	16	static
image-fit.c:1138:5:fit_image_check_arch	16	static
image-fit.c:1161:5:fit_image_check_type	16	static
image-fit.c:1184:5:fit_image_check_comp	16	static
image-fit.c:1204:5:fit_check_format	8	static
image-fit.c:1269:5:fit_conf_find_compat	64	static
image-fit.c:1374:5:fit_conf_get_node	24	static
image-fit.c:1408:5:fit_conf_get_prop_node	16	static
image-fit.c:1434:6:fit_conf_print	40	static
image-fit.c:156:6:fit_print_contents	32	static
image-fit.c:1498:5:fit_get_node_from_config	16	static
image-fit.c:1554:5:fit_image_load	72	static
image-fit.c:1758:5:boot_get_setup_fit	56	static
