miiphyutil.c:68:12:legacy_miiphy_read	16	static
miiphyutil.c:79:12:legacy_miiphy_write	4	static
miiphyutil.c:39:17:miiphy_get_dev_by_name	16	static
miiphyutil.c:62:6:miiphy_init	0	static
miiphyutil.c:139:17:mdio_alloc	8	static
miiphyutil.c:92:6:miiphy_register	32	static
miiphyutil.c:155:5:mdio_register	16	static
miiphyutil.c:176:6:mdio_list_devices	24	static
miiphyutil.c:201:5:miiphy_set_current_dev	8	static
miiphyutil.c:251:24:miiphy_get_active_dev	16	static
miiphyutil.c:216:17:mdio_get_current_dev	0	static
miiphyutil.c:221:20:mdio_phydev_for_ethname	24	static
miiphyutil.c:243:13:miiphy_get_current_dev	0	static
miiphyutil.c:275:5:miiphy_read	24	static
miiphyutil.c:303:5:miiphy_write	24	static
miiphyutil.c:319:6:miiphy_listdev	16	static
miiphyutil.c:348:5:miiphy_info	32	static
miiphyutil.c:546:5:miiphy_is_1000base_x	16	static
miiphyutil.c:433:5:miiphy_speed	24	static
miiphyutil.c:486:5:miiphy_duplex	24	static
miiphyutil.c:567:5:miiphy_link	24	static
