serial_zynq.c:107:13:uart_zynq_serial_putc	0	static
serial_zynq.c:171:1:uart_zynq0_putc	0	static
serial_zynq.c:174:1:uart_zynq1_tstc	0	static
serial_zynq.c:174:1:uart_zynq1_putc	0	static
serial_zynq.c:174:1:uart_zynq1_puts	8	static
serial_zynq.c:46:13:uart_zynq_serial_setbrg	32	static
serial_zynq.c:174:1:uart_zynq1_setbrg	0	static
serial_zynq.c:174:1:uart_zynq1_init	8	static
serial_zynq.c:171:1:uart_zynq0_setbrg	0	static
serial_zynq.c:174:1:uart_zynq1_getc	0	static
serial_zynq.c:171:1:uart_zynq0_tstc	0	static
serial_zynq.c:171:1:uart_zynq0_init	8	static
serial_zynq.c:171:1:uart_zynq0_getc	0	static
serial_zynq.c:171:1:uart_zynq0_puts	8	static
serial_zynq.c:179:30:default_serial_console	8	static
serial_zynq.c:216:6:zynq_serial_initialize	8	static
