eth.c:81:12:__def_eth_init	0	static
eth.c:22:6:eth_parse_enetaddr	24	static
eth.c:647:12:on_ethaddr	32	static
eth.c:34:5:eth_getenv_enetaddr	8	static
eth.c:40:5:eth_setenv_enetaddr	32	static
eth.c:49:5:eth_getenv_enetaddr_by_index	40	static
eth.c:597:20:eth_get_dev_by_name	16	static
eth.c:619:20:eth_get_dev_by_index	0	static
eth.c:639:5:eth_get_dev_index	0	static
eth.c:677:5:eth_write_hwaddr	64	static
eth.c:899:6:eth_halt	8	static
eth.c:909:5:eth_send	4	static
eth.c:917:5:eth_rx	0	static
eth.c:1042:13:eth_get_name	0	static
eth.c:970:13:eth_current_changed	8	static
eth.c:730:5:eth_register	16	static
eth.c:754:5:eth_unregister	8	static
eth.c:783:5:eth_initialize	24	static
eth.c:986:6:eth_try_another	16	static
eth.c:873:5:eth_init	16	static
eth.c:1013:6:eth_set_current	16	static
