net.c:655:13:start_again_timeout_handler	0	static
net.c:719:13:dummy_handler	0	static
net.c:228:12:on_ipaddr	8	static
net.c:240:12:on_gatewayip	8	static
net.c:252:12:on_netmask	8	static
net.c:264:12:on_serverip	8	static
net.c:342:13:net_init_loop	0	static
net.c:350:13:net_clear_handlers	0	static
net.c:318:6:net_auto_load	8	static
net.c:362:6:net_init	8	static
net.c:660:5:net_start_again	16	static
net.c:393:5:net_loop	48	static
net.c:725:11:net_get_udp_handler	0	static
net.c:730:6:net_set_udp_handler	0	static
net.c:739:11:net_get_arp_handler	0	static
net.c:744:6:net_set_arp_handler	0	static
net.c:760:6:net_set_timeout_handler	8	static
net.c:1033:6:net_process_received_packet	40	static
net.c:1373:1:net_eth_hdr_size	0	static
net.c:1385:5:net_set_ether	24	static
net.c:1410:5:net_update_ether	16	static
net.c:1433:6:net_set_ip_header	16	static
net.c:1454:6:net_set_udp_header	24	static
net.c:775:5:net_send_udp_packet	40	static
net.c:1478:6:copy_filename	0	static
net.c:208:12:on_bootfile	8	static
net.c:1498:14:random_port	8	static
net.c:1504:6:ip_to_string	16	static
net.c:1515:6:vlan_to_string	0	static
net.c:1528:8:string_to_vlan	8	static
net.c:276:12:on_nvlan	8	static
net.c:288:12:on_vlan	8	static
net.c:1543:8:getenv_vlan	8	static
